[www.apple.com/nl/ipad-air/index.html]
[www.apple.com/api-www/global-elements/global-header/v1/assets/globalheader.css]
[www.apple.com/ac/globalfooter/8/nl_NL/styles/ac-globalfooter.built.css]
[www.apple.com/ac/localnav/9/styles/ac-localnav.built.css]
[backblue.gif]
[fade.gif]
[index.html]
[www.apple.com/v/ipad-air/u/images/meta/ipad-air_overview__ofpu7ozyzl6m_og735f.png]
[www.apple.com/v/ipad-air/u/built/styles/main.built.css]
[www.apple.com/v/ipad-air/u/built/styles/overview.built.css]
[www.apple.com/nl/ipad-air/styles/overview.css]
[www.apple.com/v/ipad-air/u/built/scripts/head.built.js]
[www.apple.com/api-www/global-elements/global-header/v1/assets/globalheader.umd.js]
[www.apple.com/metrics/ac-analytics/2.22.0/scripts/ac-analytics.js]
[www.apple.com/ac/localnav/9/scripts/ac-localnav.built.js]
[www.apple.com/v/ipad-air/u/images/overview/hero/hero_intro_logo__bnacncm3ehma_large.png]
[www.apple.com/v/ipad-air/x/images/overview/hero/hero_eyebrow_logo__ee6zpqgwfxm6_large.png]
[www.apple.com/v/ipad-air/u/images/overview/hero/hero_endframe__fvm22b45e5me_large.png]
[www.apple.com/v/ipad-air/u/images/overview/highlights/overview__ftbt78x57ueu_large.png]
[www.apple.com/nl/ipad-air/specs/index.html]
[www.apple.com/v/ipad-air/u/images/overview/highlights/anim/sizes_endframe__dm848314dweq_large.jpg]
[www.apple.com/v/ipad-air/u/images/overview/highlights/anim/sizes_startframe__gm7ucli14vue_large.jpg]
[www.apple.com/v/ipad-air/u/images/overview/highlights/sizes__rlelo55046iy_large.png]
[www.apple.com/nl/ipad-air/why-ipad/index.html]
[www.apple.com/v/ipad-air/u/images/overview/highlights/anim/highlights_chip_startframe__dpg0uty3yuuu_large.jpg]
[www.apple.com/v/ipad-air/u/images/overview/highlights/anim/highlights_chip_endframe__douvv0xuw5ea_large.jpg]
[www.apple.com/v/ipad-air/u/images/overview/highlights/anim/highlights_pencil_pro_endframe__bxs07kg1gs9y_large.jpg]
[www.apple.com/v/ipad-air/u/images/overview/highlights/anim/highlights_pencil_pro_startframe__bjbgytn3hnzm_large.jpg]
[www.apple.com/euro/ipad-air/h/screens_alt/images/overview/highlights/anim/ipados_endframe__bj075taai0r6_large.png]
[www.apple.com/euro/ipad-air/h/screens_alt/images/overview/highlights/ipados__cyr733thza0y_large.png]
[www.apple.com/v/ipad-air/u/images/overview/closer-look/all-colors/slide_1A__fg52jvpudo6e_large.jpg]
[www.apple.com/v/ipad-air/u/images/overview/closer-look/space-gray/slide_1A__fg52jvpudo6e_large.jpg]
[www.apple.com/v/ipad-air/u/images/overview/closer-look/blue/slide_1A__fg52jvpudo6e_large.jpg]
[www.apple.com/v/ipad-air/u/images/overview/closer-look/purple/slide_1A__fg52jvpudo6e_large.jpg]
[www.apple.com/v/ipad-air/u/images/overview/closer-look/starlight/slide_1A__fg52jvpudo6e_large.jpg]
[www.apple.com/v/ipad-air/u/images/overview/closer-look/all-colors/slide_2A__uunjdleo0n62_large.jpg]
[www.apple.com/v/ipad-air/u/images/overview/closer-look/space-gray/slide_2A__uunjdleo0n62_large.jpg]
[www.apple.com/v/ipad-air/u/images/overview/closer-look/blue/slide_2A__uunjdleo0n62_large.jpg]
[www.apple.com/v/ipad-air/u/images/overview/closer-look/purple/slide_2A__uunjdleo0n62_large.jpg]
[www.apple.com/v/ipad-air/u/images/overview/closer-look/starlight/slide_2A__uunjdleo0n62_large.jpg]
[www.apple.com/v/ipad-air/u/images/overview/closer-look/all-colors/slide_2B__6dmpxirujyqa_large.jpg]
[www.apple.com/v/ipad-air/u/images/overview/closer-look/space-gray/slide_2B__6dmpxirujyqa_large.jpg]
[www.apple.com/v/ipad-air/u/images/overview/closer-look/blue/slide_2B__6dmpxirujyqa_large.jpg]
[www.apple.com/v/ipad-air/u/images/overview/closer-look/purple/slide_2B__6dmpxirujyqa_large.jpg]
[www.apple.com/v/ipad-air/u/images/overview/closer-look/starlight/slide_2B__6dmpxirujyqa_large.jpg]
[www.apple.com/v/ipad-air/u/images/overview/closer-look/all-colors/slide_3A__ehn3imt75qc2_large.jpg]
[www.apple.com/v/ipad-air/u/images/overview/closer-look/space-gray/slide_3A__ehn3imt75qc2_large.jpg]
[www.apple.com/v/ipad-air/u/images/overview/closer-look/blue/slide_3A__ehn3imt75qc2_large.jpg]
[www.apple.com/v/ipad-air/u/images/overview/closer-look/purple/slide_3A__ehn3imt75qc2_large.jpg]
[www.apple.com/v/ipad-air/u/images/overview/closer-look/starlight/slide_3A__ehn3imt75qc2_large.jpg]
[www.apple.com/v/ipad-air/u/images/overview/closer-look/all-colors/slide_3B__bua7snx5apea_large.jpg]
[www.apple.com/v/ipad-air/u/images/overview/closer-look/space-gray/slide_3B__bua7snx5apea_large.jpg]
[www.apple.com/v/ipad-air/u/images/overview/closer-look/blue/slide_3B__bua7snx5apea_large.jpg]
[www.apple.com/v/ipad-air/u/images/overview/closer-look/purple/slide_3B__bua7snx5apea_large.jpg]
[www.apple.com/v/ipad-air/u/images/overview/closer-look/starlight/slide_3B__bua7snx5apea_large.jpg]
[www.apple.com/v/ipad-air/u/images/overview/two-sizes/gallery-toggle/spin_reverse_static__ehmkt90jzu6a_large.png]
[www.apple.com/v/ipad-air/u/images/overview/two-sizes/gallery-toggle/spin_reverse_endframe__ey8zvqfsy08y_large.png]
[www.apple.com/v/ipad-air/u/images/overview/two-sizes/gallery-toggle/spin_reverse_startframe__cqoaglx2kzte_large.png]
[www.apple.com/v/ipad-air/u/images/overview/two-sizes/gallery-toggle/spin_static__bdjk0pc0tphe_large.png]
[www.apple.com/v/ipad-air/u/images/overview/two-sizes/gallery-toggle/spin_endframe__cijoqfr0f3rm_large.png]
[www.apple.com/v/ipad-air/u/images/overview/two-sizes/gallery-toggle/spin_startframe__fprox17m1p6y_large.png]
[www.apple.com/v/ipad-air/u/images/overview/two-sizes/modal/hero__giio85wbt76m_large.jpg]
[www.apple.com/v/ipad-air/u/images/overview/two-sizes/modal/13_inch__f4a774ev90a6_large.jpg]
[www.apple.com/v/ipad-air/u/images/overview/two-sizes/modal/reflectivity__drwvc5rlyfu6_large.jpg]
[www.apple.com/v/ipad-air/u/images/overview/two-sizes/modal/display__dfgjed2i3w4m_large.jpg]
[www.apple.com/euro/ipad-air/h/screens_alt/images/overview/chip/chip_top_endframe__bnymo7zyoe5e_large.png]
[www.apple.com/euro/ipad-air/h/screens_alt/images/overview/chip/chip_top_startframe__f4mngkklqxiu_large.png]
[www.apple.com/v/ipad-air/u/images/overview/chip/chip_middle_top_endframe__f6kaeuo1eiaa_large.png]
[www.apple.com/v/ipad-air/u/images/overview/chip/chip_middle_top_startframe__fjixe7gax52e_large.png]
[www.apple.com/v/ipad-air/u/images/overview/chip/hero_middle_bottom__bm1u6ztrt542_large.png]
[www.apple.com/v/ipad-air/u/images/overview/chip/hero_bottom__bfmqcj7euvf6_large.jpg]
[www.apple.com/v/ipad-air/u/images/overview/chip/modal/hero__giio85wbt76m_large.jpg]
[www.apple.com/v/ipad-air/u/images/overview/chip/modal/gpu__gkyu47v2s1m6_large.jpg]
[www.apple.com/v/ipad-air/u/images/overview/chip/modal/cpu__fl2png8hnfu6_large.jpg]
[www.apple.com/v/ipad-air/u/images/overview/chip/modal/ai_apps__b2yrxqqfdv1e_large.jpg]
[www.apple.com/v/ipad-air/u/images/overview/chip/modal/neural_engine__ecbfhze25j0i_large.jpg]
[www.apple.com/v/ipad-air/u/images/overview/chip/modal/performance__f3c8ck28ti2y_large.jpg]
[www.apple.com/v/ipad-air/u/images/overview/ipados/ipad_air_space_gray__ndqqbusk3n2a_large.png]
[www.apple.com/euro/ipad-air/h/screens_alt/images/overview/ipados/ipad_air_starlight__gf0tt9zofpm6_large.png]
[www.apple.com/v/ipad-air/u/images/overview/ipados/ipad_air_purple__c5jrcy5mmliu_large.png]
[www.apple.com/v/ipad-air/u/images/overview/ipados/ipad_air_blue__jszw0bw7hqqa_large.png]
[www.apple.com/v/ipad-air/u/images/overview/ipados/modal/hero__giio85wbt76m_large.jpg]
[www.apple.com/v/ipad-air/u/images/overview/ipados/modal/multitasking__fai3ykdd9fu6_large.jpg]
[www.apple.com/v/ipad-air/u/images/overview/ipados/modal/keynote__ctbyiurjv3ki_large.jpg]
[www.apple.com/v/ipad-air/u/images/overview/ipados/modal/photos__1qxs9jqeggi6_large.jpg]
[www.apple.com/v/ipad-air/u/images/overview/apple-pencil-pro/modal/hero__giio85wbt76m_large.jpg]
[www.apple.com/v/ipad-air/u/images/overview/apple-pencil-pro/modal/squeeze_endframe__gd7eb5qfj4mm_large.png]
[www.apple.com/v/ipad-air/u/images/overview/apple-pencil-pro/modal/squeeze_startframe__cjf5cldle11e_large.png]
[www.apple.com/v/ipad-air/u/images/overview/apple-pencil-pro/modal/squeeze__c59wvpmwlsmu_large.jpg]
[www.apple.com/v/ipad-air/u/images/overview/apple-pencil-pro/modal/barrel_roll_endframe__f8zud13vykey_large.jpg]
[www.apple.com/v/ipad-air/u/images/overview/apple-pencil-pro/modal/barrel_roll_startframe__mgo2wqet9v2a_large.jpg]
[www.apple.com/v/ipad-air/u/images/overview/apple-pencil-pro/modal/haptic_static__fx181cl2zlaq_large.jpg]
[www.apple.com/v/ipad-air/u/images/overview/apple-pencil-pro/modal/haptic_endframe__e86tqivzjhay_large.jpg]
[www.apple.com/v/ipad-air/u/images/overview/apple-pencil-pro/modal/haptic_startframe__bpl0wkd7gety_large.jpg]
[www.apple.com/v/ipad-air/u/images/overview/apple-pencil-pro/modal/hover_endframe__f9lahrewvsyi_large.jpg]
[www.apple.com/v/ipad-air/u/images/overview/apple-pencil-pro/modal/hover_startframe__iq9lcsmb38y2_large.jpg]
[www.apple.com/v/ipad-air/u/images/overview/apple-pencil-pro/modal/double-tap_endframe__dkbnb3ve7oa6_large.jpg]
[www.apple.com/v/ipad-air/u/images/overview/apple-pencil-pro/modal/double-tap_startframe__btufw1ozatle_large.jpg]
[www.apple.com/v/ipad-air/u/images/overview/apple-pencil-pro/modal/charging__e0cr5xumlp4y_large.jpg]
[www.apple.com/v/ipad-air/u/images/overview/apple-pencil-pro/modal/pencils__clglaltzjk2u_large.jpg]
[www.apple.com/euro/ipad-air/h/screens_alt/images/overview/keyboard/magic_keyboard_endframe__71lhsq2krsyy_large.png]
[www.apple.com/euro/ipad-air/h/screens_alt/images/overview/keyboard/magic_keyboard_startframe__ci405upp42ly_large.png]
[www.apple.com/euro/ipad-air/h/screens_alt/images/overview/cameras/cameras_endframe__dskkv3o656i6_large.png]
[www.apple.com/euro/ipad-air/h/screens_alt/images/overview/cameras/cameras_startframe__4aclp1kic8ya_large.png]
[www.apple.com/v/ipad-air/u/images/overview/cameras/ipad_front_camera_landscape__b2gxwow9fw02_large.png]
[www.apple.com/v/ipad-air/u/images/overview/cameras/ipadair13_gen6_camera__ckuao7t3cmeu_large.png]
[www.apple.com/v/ipad-air/u/images/overview/cameras/modal/hero__giio85wbt76m_large.jpg]
[www.apple.com/v/ipad-air/u/images/overview/cameras/modal/front_landscape_camera_hw__ecyog1ef9uwm_large.png]
[www.apple.com/v/ipad-air/u/images/overview/cameras/modal/back_camera__ejrz57qieeaa_large.jpg]
[www.apple.com/v/ipad-air/u/images/overview/cameras/modal/mics_and_speakers__e0c3tdzlidqq_large.jpg]
[www.apple.com/euro/ipad-air/h/screens_alt/images/overview/connectivity/connectivity_endframe__caymxw78xf9e_large.jpg]
[www.apple.com/v/ipad-air/u/images/overview/connectivity/connectivity_startframe__fm9pogfwsjqm_large.jpg]
[www.apple.com/euro/ipad-air/h/screens_alt/images/overview/connectivity/modal/hero__giio85wbt76m_large.jpg]
[www.apple.com/euro/ipad-air/h/screens_alt/images/overview/connectivity/modal/connections__peze2yz9ueyy_large.jpg]
[www.apple.com/v/ipad-air/u/images/overview/connectivity/modal/icon_wifi__dr6wr2t6ki4i_large.png]
[www.apple.com/v/ipad-air/u/images/overview/connectivity/modal/icon_cellular__gldho70f4gyi_large.png]
[www.apple.com/v/ipad-air/u/images/overview/connectivity/modal/icon_esim__flp5a9ss5gae_large.png]
[www.apple.com/v/ipad-air/u/images/overview/connectivity/modal/icon_bluetooth__cp5hch8f8sr6_large.png]
[www.apple.com/v/ipad-air/u/images/overview/connectivity/modal/usb_c__bpzi3thnh69y_large.jpg]
[www.apple.com/v/ipad-air/u/images/overview/values/environment__ckp3gn69n5le_large.png]
[www.apple.com/v/ipad-air/u/images/overview/values/privacy__emdhmo3rl7wy_large.png]
[www.apple.com/v/ipad-air/u/images/overview/values/accessibility__fe8tc5uvkvam_large.png]
[www.apple.com/v/ipad-air/u/images/overview/values/modal/hero__giio85wbt76m_large.jpg]
[www.apple.com/v/ipad-air/u/images/overview/values/modal/icon_headline_environment__enw1cha8l1yu_large.png]
[www.apple.com/v/ipad-air/u/images/overview/values/modal/ipad_environment__xkct5gdexsia_large.jpg]
[www.apple.com/v/ipad-air/u/images/overview/values/modal/icon_headline_privacy__f8vimlbh6y6a_large.png]
[www.apple.com/euro/ipad-air/h/screens_alt/images/overview/values/modal/ipad_privacy__c8jyytw1kgqe_large.jpg]
[www.apple.com/v/ipad-air/u/images/overview/values/modal/icon_health__lxo63886jkia_large.png]
[www.apple.com/v/ipad-air/u/images/overview/values/modal/icon_passkeys__cp4iqj6hfqqa_large.png]
[www.apple.com/v/ipad-air/u/images/overview/values/modal/icon_safari__f2msqc94g9ua_large.png]
[www.apple.com/v/ipad-air/u/images/overview/values/modal/icon_headline_accessibility__gesotlz7tsia_large.png]
[www.apple.com/euro/ipad-air/h/screens_alt/images/overview/values/modal/ipad_accessibility__ffk16z4s3zam_large.jpg]
[www.apple.com/v/ipad-air/u/images/overview/values/modal/icon_assistive_access__dsibsxyhnwqe_large.png]
[www.apple.com/v/ipad-air/u/images/overview/values/modal/icon_voice_over__i82y2bjq4uqa_large.png]
[www.apple.com/v/ipad-air/u/images/overview/incentive/icon_arrow_2_squarepath_devices__etw2gjwd7mwm_large.png]
[www.apple.com/v/ipad-air/u/images/overview/incentive/icon_graduationcap__b9071v3felma_large.png]
[www.apple.com/v/ipad-air/u/images/overview/incentive/icon_truck_box__fioyxuqox4ii_large.png]
[www.apple.com/v/ipad-air/u/images/overview/incentive/icon_emoji_face_grinning__ghglo6bzz2aa_large.png]
[www.apple.com/euro/ipad-air/h/generic/images/overview/incentive/icon_specialist__ggtnw5zpuiq2_large.png]
[www.apple.com/v/ipad-air/u/images/overview/incentive/icon_person_2__gik6h6xwi6aa_large.png]
[www.apple.com/v/ipad-air/u/images/overview/incentive/icon_app_applestore__chqzj9o87jxy_large.png]
[www.apple.com/v/ipad-air/u/images/overview/contrast/product-tile/ipad_air__csidwp47jfue_large.png]
[www.apple.com/v/ipad-air/u/images/overview/contrast/product-tile/icon_chip_m2__bfwwhngakksy_large.png]
[www.apple.com/v/ipad-air/u/images/overview/contrast/product-tile/ipadair13_gen6_camera__ckuao7t3cmeu_large.png]
[www.apple.com/v/ipad-air/u/images/overview/contrast/product-tile/ipad_front_camera_landscape__b2gxwow9fw02_large.png]
[www.apple.com/v/ipad-air/u/images/overview/contrast/product-tile/icon_pencil_pro_usbc__2spvcyrtc9uu_large.png]
[www.apple.com/v/ipad-air/u/images/overview/contrast/product-tile/magickeyboard_ipad__fhw7z72fs4y2_large.png]
[www.apple.com/v/ipad-air/u/images/overview/contrast/product-tile/ipad_pro__cmbcdyciu8pe_large.png]
[www.apple.com/v/ipad-air/u/images/overview/contrast/product-tile/icon_chip_m4__djt7e105v3o2_large.png]
[www.apple.com/v/ipad-air/u/images/overview/contrast/product-tile/ipadpro13_gen7_camera__e55d4wlf5bqu_large.png]
[www.apple.com/v/ipad-air/u/images/overview/contrast/product-tile/magickeyboard_m4_ipad__dk82xuyhns02_large.png]
[www.apple.com/v/ipad/shared/index/a/built/styles/shared-index.built.css]
[www.apple.com/ac/globalfooter/8/nl_NL/scripts/ac-globalfooter.built.js]
[www.apple.com/ac/localeswitcher/4/nl_NL/scripts/localeswitcher.built.js]
[www.apple.com/v/ipad-air/u/built/scripts/main.built.js]
[www.apple.com/ac/ac-films/7.0.0/styles/modal.css]
[www.apple.com/ac/ac-films/7.0.0/scripts/autofilms.built.js]
[www.apple.com/ac/pricing/latest-1/scripts/autopricing.built.js]
[www.apple.com/nl/ipad-air/index.html]
[www.apple.com/api-www/global-elements/global-header/v1/assets/globalheader.css]
[www.apple.com/ac/globalfooter/8/nl_NL/styles/ac-globalfooter.built.css]
[www.apple.com/ac/localnav/9/styles/ac-localnav.built.css]
[www.apple.com/v/ipad-air/u/built/styles/main.built.css]
[www.apple.com/v/ipad-air/u/images/overview/apple-pencil-pro/art__cdgacbxorgia_large.jpg]
[www.apple.com/v/ipad-air/u/images/overview/apple-pencil-pro/art__cdgacbxorgia_large_2x.jpg]
[www.apple.com/v/ipad-air/u/images/overview/apple-pencil-pro/art__cdgacbxorgia_medium.jpg]
[www.apple.com/v/ipad-air/u/images/overview/apple-pencil-pro/art__cdgacbxorgia_medium_2x.jpg]
[www.apple.com/v/ipad-air/u/images/overview/apple-pencil-pro/art__cdgacbxorgia_small.jpg]
[www.apple.com/v/ipad-air/u/images/overview/apple-pencil-pro/art__cdgacbxorgia_small_2x.jpg]
[www.apple.com/v/ipad-air/u/images/overview/ipados/modal/apps/gallery/hw/app_gallery_horiz_hw__tn6p3vwq0vuy_large.png]
[www.apple.com/v/ipad-air/u/images/overview/ipados/modal/apps/gallery/hw/app_gallery_horiz_hw__tn6p3vwq0vuy_large_2x.png]
[www.apple.com/v/ipad-air/u/images/overview/ipados/modal/apps/gallery/hw/app_gallery_horiz_hw__tn6p3vwq0vuy_medium.png]
[www.apple.com/v/ipad-air/u/images/overview/ipados/modal/apps/gallery/hw/app_gallery_horiz_hw__tn6p3vwq0vuy_medium_2x.png]
[www.apple.com/v/ipad-air/u/images/overview/ipados/modal/apps/gallery/hw/app_gallery_horiz_hw__tn6p3vwq0vuy_small.png]
[www.apple.com/v/ipad-air/u/images/overview/ipados/modal/apps/gallery/hw/app_gallery_horiz_hw__tn6p3vwq0vuy_small_2x.png]
[www.apple.com/v/ipad-air/u/images/overview/ipados/modal/apps/gallery/hw/app_gallery_vert_hw__eme4byvzxnsm_large.png]
[www.apple.com/v/ipad-air/u/images/overview/ipados/modal/apps/gallery/hw/app_gallery_vert_hw__eme4byvzxnsm_large_2x.png]
[www.apple.com/v/ipad-air/u/images/overview/ipados/modal/apps/gallery/hw/app_gallery_vert_hw__eme4byvzxnsm_medium.png]
[www.apple.com/v/ipad-air/u/images/overview/ipados/modal/apps/gallery/hw/app_gallery_vert_hw__eme4byvzxnsm_medium_2x.png]
[www.apple.com/v/ipad-air/u/images/overview/ipados/modal/apps/gallery/hw/app_gallery_vert_hw__eme4byvzxnsm_small.png]
[www.apple.com/v/ipad-air/u/images/overview/ipados/modal/apps/gallery/hw/app_gallery_vert_hw__eme4byvzxnsm_small_2x.png]
[www.apple.com/v/ipad-air/u/images/overview/ipados/modal/apps/gallery/screens/app_gallery_screen_zoom__gb7kd3oi4526_large.jpg]
[www.apple.com/v/ipad-air/u/images/overview/ipados/modal/apps/gallery/screens/app_gallery_screen_zoom__gb7kd3oi4526_large_2x.jpg]
[www.apple.com/v/ipad-air/u/images/overview/ipados/modal/apps/gallery/screens/app_gallery_screen_zoom__gb7kd3oi4526_medium.jpg]
[www.apple.com/v/ipad-air/u/images/overview/ipados/modal/apps/gallery/screens/app_gallery_screen_zoom__gb7kd3oi4526_medium_2x.jpg]
[www.apple.com/v/ipad-air/u/images/overview/ipados/modal/apps/gallery/screens/app_gallery_screen_zoom__gb7kd3oi4526_small.jpg]
[www.apple.com/v/ipad-air/u/images/overview/ipados/modal/apps/gallery/screens/app_gallery_screen_zoom__gb7kd3oi4526_small_2x.jpg]
[www.apple.com/v/ipad-air/u/images/overview/ipados/modal/apps/gallery/screens/app_gallery_screen_sketchup__cul89754h6gm_large.jpg]
[www.apple.com/v/ipad-air/u/images/overview/ipados/modal/apps/gallery/screens/app_gallery_screen_sketchup__cul89754h6gm_large_2x.jpg]
[www.apple.com/v/ipad-air/u/images/overview/ipados/modal/apps/gallery/screens/app_gallery_screen_sketchup__cul89754h6gm_medium.jpg]
[www.apple.com/v/ipad-air/u/images/overview/ipados/modal/apps/gallery/screens/app_gallery_screen_sketchup__cul89754h6gm_medium_2x.jpg]
[www.apple.com/v/ipad-air/u/images/overview/ipados/modal/apps/gallery/screens/app_gallery_screen_sketchup__cul89754h6gm_small.jpg]
[www.apple.com/v/ipad-air/u/images/overview/ipados/modal/apps/gallery/screens/app_gallery_screen_sketchup__cul89754h6gm_small_2x.jpg]
[www.apple.com/v/ipad-air/u/images/overview/ipados/modal/apps/gallery/screens/app_gallery_screen_zinnia__ko7az85dzzmq_large.jpg]
[www.apple.com/v/ipad-air/u/images/overview/ipados/modal/apps/gallery/screens/app_gallery_screen_zinnia__ko7az85dzzmq_large_2x.jpg]
[www.apple.com/v/ipad-air/u/images/overview/ipados/modal/apps/gallery/screens/app_gallery_screen_zinnia__ko7az85dzzmq_medium.jpg]
[www.apple.com/v/ipad-air/u/images/overview/ipados/modal/apps/gallery/screens/app_gallery_screen_zinnia__ko7az85dzzmq_medium_2x.jpg]
[www.apple.com/v/ipad-air/u/images/overview/ipados/modal/apps/gallery/screens/app_gallery_screen_zinnia__ko7az85dzzmq_small.jpg]
[www.apple.com/v/ipad-air/u/images/overview/ipados/modal/apps/gallery/screens/app_gallery_screen_zinnia__ko7az85dzzmq_small_2x.jpg]
[www.apple.com/v/ipad-air/u/images/overview/ipados/modal/apps/gallery/screens/app_gallery_screen_onform__chgk3kohrz7m_large.jpg]
[www.apple.com/v/ipad-air/u/images/overview/ipados/modal/apps/gallery/screens/app_gallery_screen_onform__chgk3kohrz7m_large_2x.jpg]
[www.apple.com/v/ipad-air/u/images/overview/ipados/modal/apps/gallery/screens/app_gallery_screen_onform__chgk3kohrz7m_medium.jpg]
[www.apple.com/v/ipad-air/u/images/overview/ipados/modal/apps/gallery/screens/app_gallery_screen_onform__chgk3kohrz7m_medium_2x.jpg]
[www.apple.com/v/ipad-air/u/images/overview/ipados/modal/apps/gallery/screens/app_gallery_screen_onform__chgk3kohrz7m_small.jpg]
[www.apple.com/v/ipad-air/u/images/overview/ipados/modal/apps/gallery/screens/app_gallery_screen_onform__chgk3kohrz7m_small_2x.jpg]
[www.apple.com/v/ipad-air/u/images/overview/ipados/modal/apps/gallery/screens/app_gallery_screen_procreate__fy8ejr5x1ii6_large.jpg]
[www.apple.com/v/ipad-air/u/images/overview/ipados/modal/apps/gallery/screens/app_gallery_screen_procreate__fy8ejr5x1ii6_large_2x.jpg]
[www.apple.com/v/ipad-air/u/images/overview/ipados/modal/apps/gallery/screens/app_gallery_screen_procreate__fy8ejr5x1ii6_medium.jpg]
[www.apple.com/v/ipad-air/u/images/overview/ipados/modal/apps/gallery/screens/app_gallery_screen_procreate__fy8ejr5x1ii6_medium_2x.jpg]
[www.apple.com/v/ipad-air/u/images/overview/ipados/modal/apps/gallery/screens/app_gallery_screen_procreate__fy8ejr5x1ii6_small.jpg]
[www.apple.com/v/ipad-air/u/images/overview/ipados/modal/apps/gallery/screens/app_gallery_screen_procreate__fy8ejr5x1ii6_small_2x.jpg]
[www.apple.com/v/ipad-air/u/images/overview/ipados/modal/apps/gallery/screens/app_gallery_screen_goodnotes__fnl1iba9icae_large.jpg]
[www.apple.com/v/ipad-air/u/images/overview/ipados/modal/apps/gallery/screens/app_gallery_screen_goodnotes__fnl1iba9icae_large_2x.jpg]
[www.apple.com/v/ipad-air/u/images/overview/ipados/modal/apps/gallery/screens/app_gallery_screen_goodnotes__fnl1iba9icae_medium.jpg]
[www.apple.com/v/ipad-air/u/images/overview/ipados/modal/apps/gallery/screens/app_gallery_screen_goodnotes__fnl1iba9icae_medium_2x.jpg]
[www.apple.com/v/ipad-air/u/images/overview/ipados/modal/apps/gallery/screens/app_gallery_screen_goodnotes__fnl1iba9icae_small.jpg]
[www.apple.com/v/ipad-air/u/images/overview/ipados/modal/apps/gallery/screens/app_gallery_screen_goodnotes__fnl1iba9icae_small_2x.jpg]
[www.apple.com/v/ipad-air/u/images/overview/ipados/modal/apps/gallery/screens/app_gallery_screen_photomater__f02few03wm62_large.jpg]
[www.apple.com/v/ipad-air/u/images/overview/ipados/modal/apps/gallery/screens/app_gallery_screen_photomater__f02few03wm62_large_2x.jpg]
[www.apple.com/v/ipad-air/u/images/overview/ipados/modal/apps/gallery/screens/app_gallery_screen_photomater__f02few03wm62_medium.jpg]
[www.apple.com/v/ipad-air/u/images/overview/ipados/modal/apps/gallery/screens/app_gallery_screen_photomater__f02few03wm62_medium_2x.jpg]
[www.apple.com/v/ipad-air/u/images/overview/ipados/modal/apps/gallery/screens/app_gallery_screen_photomater__f02few03wm62_small.jpg]
[www.apple.com/v/ipad-air/u/images/overview/ipados/modal/apps/gallery/screens/app_gallery_screen_photomater__f02few03wm62_small_2x.jpg]
[www.apple.com/v/ipad-air/u/images/overview/ipados/modal/apps/gallery/screens/app_gallery_screen_affinity_designer__glh7akocsyum_large.jpg]
[www.apple.com/v/ipad-air/u/images/overview/ipados/modal/apps/gallery/screens/app_gallery_screen_affinity_designer__glh7akocsyum_large_2x.jpg]
[www.apple.com/v/ipad-air/u/images/overview/ipados/modal/apps/gallery/screens/app_gallery_screen_affinity_designer__glh7akocsyum_medium.jpg]
[www.apple.com/v/ipad-air/u/images/overview/ipados/modal/apps/gallery/screens/app_gallery_screen_affinity_designer__glh7akocsyum_medium_2x.jpg]
[www.apple.com/v/ipad-air/u/images/overview/ipados/modal/apps/gallery/screens/app_gallery_screen_affinity_designer__glh7akocsyum_small.jpg]
[www.apple.com/v/ipad-air/u/images/overview/ipados/modal/apps/gallery/screens/app_gallery_screen_affinity_designer__glh7akocsyum_small_2x.jpg]
[www.apple.com/v/ipad-air/u/images/overview/ipados/modal/apps/gallery/screens/app_gallery_screen_morpholio_trace__c2wcu9vxyys2_large.jpg]
[www.apple.com/v/ipad-air/u/images/overview/ipados/modal/apps/gallery/screens/app_gallery_screen_morpholio_trace__c2wcu9vxyys2_large_2x.jpg]
[www.apple.com/v/ipad-air/u/images/overview/ipados/modal/apps/gallery/screens/app_gallery_screen_morpholio_trace__c2wcu9vxyys2_medium.jpg]
[www.apple.com/v/ipad-air/u/images/overview/ipados/modal/apps/gallery/screens/app_gallery_screen_morpholio_trace__c2wcu9vxyys2_medium_2x.jpg]
[www.apple.com/v/ipad-air/u/images/overview/ipados/modal/apps/gallery/screens/app_gallery_screen_morpholio_trace__c2wcu9vxyys2_small.jpg]
[www.apple.com/v/ipad-air/u/images/overview/ipados/modal/apps/gallery/screens/app_gallery_screen_morpholio_trace__c2wcu9vxyys2_small_2x.jpg]
[www.apple.com/v/ipad-air/u/images/overview/ipados/modal/apps/gallery/screens/app_gallery_screen_adobe_lightroom__cuqkthke746e_large.jpg]
[www.apple.com/v/ipad-air/u/images/overview/ipados/modal/apps/gallery/screens/app_gallery_screen_adobe_lightroom__cuqkthke746e_large_2x.jpg]
[www.apple.com/v/ipad-air/u/images/overview/ipados/modal/apps/gallery/screens/app_gallery_screen_adobe_lightroom__cuqkthke746e_medium.jpg]
[www.apple.com/v/ipad-air/u/images/overview/ipados/modal/apps/gallery/screens/app_gallery_screen_adobe_lightroom__cuqkthke746e_medium_2x.jpg]
[www.apple.com/v/ipad-air/u/images/overview/ipados/modal/apps/gallery/screens/app_gallery_screen_adobe_lightroom__cuqkthke746e_small.jpg]
[www.apple.com/v/ipad-air/u/images/overview/ipados/modal/apps/gallery/screens/app_gallery_screen_adobe_lightroom__cuqkthke746e_small_2x.jpg]
[www.apple.com/v/ipad-air/u/images/overview/ipados/modal/apps/gallery/screens/app_gallery_screen_affinity_photo__e9lnqcs86w2m_large.jpg]
[www.apple.com/v/ipad-air/u/images/overview/ipados/modal/apps/gallery/screens/app_gallery_screen_affinity_photo__e9lnqcs86w2m_large_2x.jpg]
[www.apple.com/v/ipad-air/u/images/overview/ipados/modal/apps/gallery/screens/app_gallery_screen_affinity_photo__e9lnqcs86w2m_medium.jpg]
[www.apple.com/v/ipad-air/u/images/overview/ipados/modal/apps/gallery/screens/app_gallery_screen_affinity_photo__e9lnqcs86w2m_medium_2x.jpg]
[www.apple.com/v/ipad-air/u/images/overview/ipados/modal/apps/gallery/screens/app_gallery_screen_affinity_photo__e9lnqcs86w2m_small.jpg]
[www.apple.com/v/ipad-air/u/images/overview/ipados/modal/apps/gallery/screens/app_gallery_screen_affinity_photo__e9lnqcs86w2m_small_2x.jpg]
[www.apple.com/v/ipad-air/u/images/overview/ipados/modal/apps/gallery/screens/app_gallery_screen_adobe_fresco__cynvi8yfwt6q_large.jpg]
[www.apple.com/v/ipad-air/u/images/overview/ipados/modal/apps/gallery/screens/app_gallery_screen_adobe_fresco__cynvi8yfwt6q_large_2x.jpg]
[www.apple.com/v/ipad-air/u/images/overview/ipados/modal/apps/gallery/screens/app_gallery_screen_adobe_fresco__cynvi8yfwt6q_medium.jpg]
[www.apple.com/v/ipad-air/u/images/overview/ipados/modal/apps/gallery/screens/app_gallery_screen_adobe_fresco__cynvi8yfwt6q_medium_2x.jpg]
[www.apple.com/v/ipad-air/u/images/overview/ipados/modal/apps/gallery/screens/app_gallery_screen_adobe_fresco__cynvi8yfwt6q_small.jpg]
[www.apple.com/v/ipad-air/u/images/overview/ipados/modal/apps/gallery/screens/app_gallery_screen_adobe_fresco__cynvi8yfwt6q_small_2x.jpg]
[www.apple.com/v/ipad-air/u/images/overview/ipados/modal/apps/gallery/screens/app_gallery_screen_adobe_express__dqsg4uul17iq_large.jpg]
[www.apple.com/v/ipad-air/u/images/overview/ipados/modal/apps/gallery/screens/app_gallery_screen_adobe_express__dqsg4uul17iq_large_2x.jpg]
[www.apple.com/v/ipad-air/u/images/overview/ipados/modal/apps/gallery/screens/app_gallery_screen_adobe_express__dqsg4uul17iq_medium.jpg]
[www.apple.com/v/ipad-air/u/images/overview/ipados/modal/apps/gallery/screens/app_gallery_screen_adobe_express__dqsg4uul17iq_medium_2x.jpg]
[www.apple.com/v/ipad-air/u/images/overview/ipados/modal/apps/gallery/screens/app_gallery_screen_adobe_express__dqsg4uul17iq_small.jpg]
[www.apple.com/v/ipad-air/u/images/overview/ipados/modal/apps/gallery/screens/app_gallery_screen_adobe_express__dqsg4uul17iq_small_2x.jpg]
[www.apple.com/v/ipad-air/u/images/overview/ipados/modal/apps/gallery/screens/app_gallery_screen_adobe_acrobat__fzvo4bvyxeq2_large.jpg]
[www.apple.com/v/ipad-air/u/images/overview/ipados/modal/apps/gallery/screens/app_gallery_screen_adobe_acrobat__fzvo4bvyxeq2_large_2x.jpg]
[www.apple.com/v/ipad-air/u/images/overview/ipados/modal/apps/gallery/screens/app_gallery_screen_adobe_acrobat__fzvo4bvyxeq2_medium.jpg]
[www.apple.com/v/ipad-air/u/images/overview/ipados/modal/apps/gallery/screens/app_gallery_screen_adobe_acrobat__fzvo4bvyxeq2_medium_2x.jpg]
[www.apple.com/v/ipad-air/u/images/overview/ipados/modal/apps/gallery/screens/app_gallery_screen_adobe_acrobat__fzvo4bvyxeq2_small.jpg]
[www.apple.com/v/ipad-air/u/images/overview/ipados/modal/apps/gallery/screens/app_gallery_screen_adobe_acrobat__fzvo4bvyxeq2_small_2x.jpg]
[www.apple.com/v/ipad-air/u/images/overview/incentive/boc_qr_code__ehvrcn2re8k2_large.png]
[www.apple.com/v/ipad-air/u/images/overview/incentive/boc_qr_code__ehvrcn2re8k2_large_2x.png]
[www.apple.com/v/ipad-air/u/images/overview/incentive/boc_qr_code__ehvrcn2re8k2_medium.png]
[www.apple.com/v/ipad-air/u/images/overview/incentive/boc_qr_code__ehvrcn2re8k2_medium_2x.png]
[www.apple.com/v/ipad-air/u/images/overview/incentive/boc_qr_code__ehvrcn2re8k2_small.jpg]
[www.apple.com/v/ipad-air/u/built/styles/overview.built.css]
[www.apple.com/v/ipad-air/u/images/overview/incentive/boc_qr_code__ehvrcn2re8k2_small_2x.jpg]
[www.apple.com/nl/ipad-air/styles/overview.css]
[www.apple.com/v/ipad-air/u/built/scripts/head.built.js]
[www.apple.com/nl/ipad-air/src/aria/aria.js]
[www.apple.com/nl/ipad-air/src/cookie/asCookie.js]
[www.apple.com/nl/ipad-air/src/cookie/cookie.js]
[www.apple.com/nl/ipad-air/src/env/env.js]
[www.apple.com/nl/ipad-air/src/event/event.js]
[www.apple.com/nl/ipad-air/src/eventTrigger/eventTrigger.js]
[www.apple.com/nl/ipad-air/src/fcsStorage/fcsStorage.js]
[www.apple.com/nl/ipad-air/src/fetch/fetch.js]
[www.apple.com/nl/ipad-air/src/imageReplacer/imageReplacer.js]
[www.apple.com/nl/ipad-air/src/jsonRpc/jsonRpc.js]
[www.apple.com/nl/ipad-air/src/scroll/scroll.js]
[www.apple.com/nl/ipad-air/src/string/string.js]
[www.apple.com/nl/ipad-air/src/support/support.js]
[www.apple.com/nl/ipad-air/src/truncate/truncate.js]
[www.apple.com/nl/ipad-air/src/userInputType/userInputType.js]
[www.apple.com/nl/ipad-air/src/calendar/calendar.js]
[www.apple.com/nl/ipad-air/src/log/log.js]
[www.apple.com/nl/ipad-air/src/telLinkReplacer/telLinkReplacer.js]
[www.apple.com/nl/ipad-air/cookie.js]
[www.apple.com/nl/env/env.js]
[www.apple.com/nl/event/event.js]
[www.apple.com/nl/cookie/cookie.js]
[www.apple.com/nl/string/string.js]
[www.apple.com/nl/ipad-air/sanitizers/index.js]
[www.apple.com/nl/ipad-air/getCookieDomain.js]
[www.apple.com/nl/ipad-air/config.js]
[www.apple.com/nl/config.js]
[www.apple.com/nl/ipad-air/getUid.js]
[www.apple.com/nl/ipad-air/get.js]
[www.apple.com/nl/ipad-air/set.js]
[www.apple.com/nl/ipad-air/retrieve.js]
[www.apple.com/nl/ipad-air/store.js]
[www.apple.com/nl/ipad-air/dataLayer/index.js]
[www.apple.com/nl/ipad-air/sanitizeBeaconVars.js]
[www.apple.com/nl/ipad-air/sanitizeBeaconLength.js]
[www.apple.com/nl/ipad-air/lengthLimitFactory.js]
[www.apple.com/nl/ipad-air/sanitizeBeacon.js]
[www.apple.com/nl/ipad-air/passiveTrackerLoader.js]
[www.apple.com/nl/utils/index.js]
[www.apple.com/nl/ipad-air/mandatoryProps.js]
[www.apple.com/nl/ipad-air/state.js]
[www.apple.com/nl/localStoreSync/index.js]
[www.apple.com/nl/sessionStoreSync/index.js]
[www.apple.com/nl/state.js]
[www.apple.com/nl/config/index.js]
[www.apple.com/nl/ipad-air/readMeta.js]
[www.apple.com/nl/ipad-air/readPageDataModel.js]
[www.apple.com/nl/set.js]
[www.apple.com/nl/ipad-air/init.js]
[www.apple.com/nl/ipad-air/remove.js]
[www.apple.com/nl/ipad-air/localStore/index.js]
[www.apple.com/nl/ipad-air/hydrate/index.js]
[www.apple.com/nl/ipad-air/localStoreSync/index.js]
[www.apple.com/nl/ipad-air/config/index.js]
[www.apple.com/nl/ipad-air/isExpired.js]
[www.apple.com/nl/ipad-air/expiryExtender.js]
[www.apple.com/nl/ipad-air/registerStoreEventCallback.js]
[www.apple.com/nl/ipad-air/syncLocalStoreToState.js]
[www.apple.com/nl/ipad-air/syncStateToLocalStore.js]
[www.apple.com/nl/localStore/index.js]
[www.apple.com/nl/ipad-air/sessionStoreSync/index.js]
[www.apple.com/nl/ipad-air/syncSessionStoreToState.js]
[www.apple.com/nl/ipad-air/syncStateToSessionStore.js]
[www.apple.com/nl/sessionStore/index.js]
[www.apple.com/nl/ipad-air/utils/index.js]
[www.apple.com/nl/ipad-air/isObject.js]
[www.apple.com/nl/ipad-air/isValidObject.js]
[www.apple.com/nl/ipad-air/utils.js]
[www.apple.com/nl/ipad-air/schema/index.js]
[www.apple.com/nl/ipad-air/transformers/index.js]
[www.apple.com/nl/ipad-air/storage/index.js]
[www.apple.com/nl/ipad-air/storage/syncTabs.js]
[www.apple.com/nl/ipad-air/setDefaults.js]
[www.apple.com/nl/ipad-air/api.js]
[www.apple.com/nl/ipad-air/v1.js]
[www.apple.com/nl/schema/index.js]
[www.apple.com/nl/transformers/index.js]
[www.apple.com/nl/utils.js]
[www.apple.com/nl/setDefaults.js]
[www.apple.com/nl/ipad-air/save.js]
[www.apple.com/nl/ipad-air/load.js]
[www.apple.com/nl/ipad-air/clear.js]
[www.apple.com/nl/ipad-air/syncTabs.js]
[www.apple.com/nl/ipad-air/mergeExisting.js]
[www.apple.com/nl/ipad-air/mapToSchema.js]
[www.apple.com/nl/ipad-air/compress.js]
[www.apple.com/nl/storage/index.js]
[www.apple.com/nl/ipad-air/endOfPage.js]
[www.apple.com/nl/ipad-air/update.js]
[www.apple.com/nl/ipad-air/onEngaged.js]
[www.apple.com/nl/ipad-air/merge.js]
[www.apple.com/nl/ipad-air/mergers.js]
[www.apple.com/nl/OmnitureItem/index.js]
[www.apple.com/nl/OmnitureCollection/index.js]
[www.apple.com/nl/ipad-air/splitKey.js]
[www.apple.com/nl/ipad-air/OmnitureCollection/index.js]
[www.apple.com/nl/ipad-air/OmnitureItem/index.js]
[www.apple.com/nl/ipad-air/OmnitureEvent/index.js]
[www.apple.com/nl/ipad-air/OmnitureVariable/index.js]
[www.apple.com/nl/ipad-air/OmnitureProduct/index.js]
[www.apple.com/nl/ipad-air/OmnitureContentRecommendation/index.js]
[www.apple.com/nl/ipad-air/parsers/parseItemCollectionString.js]
[www.apple.com/nl/ipad-air/parsers/parseItemCollectionArray.js]
[www.apple.com/nl/ipad-air/parsers/parseEventCollectionString.js]
[www.apple.com/nl/ipad-air/parsers/parseProductCollectionString/index.js]
[www.apple.com/nl/OmnitureEvent/index.js]
[www.apple.com/OmnitureCollection/index.js]
[www.apple.com/OmnitureEvent/index.js]
[www.apple.com/OmnitureProduct/index.js]
[www.apple.com/nl/ipad-air/productCollectionStringToProductStringArray.js]
[www.apple.com/nl/ipad-air/parseProductString.js]
[www.apple.com/nl/ipad-air/addProductToCollection.js]
[www.apple.com/config.js]
[www.apple.com/nl/parseEventCollectionString.js]
[www.apple.com/nl/parseVariableCollectionString.js]
[www.apple.com/nl/OmnitureVariable/index.js]
[www.apple.com/nl/ipad-air/generateProps.js]
[www.apple.com/nl/ipad-air/loaders/index.js]
[www.apple.com/nl/ipad-air/loaderAPI.js]
[www.apple.com/nl/ipad-air/loaderBeacon.js]
[www.apple.com/nl/ipad-air/loaderPageName.js]
[www.apple.com/nl/ipad-air/loaderArea.js]
[www.apple.com/nl/ipad-air/append.js]
[www.apple.com/nl/ipad-air/triggerNewPage.js]
[www.apple.com/nl/ipad-air/dataStore.js]
[www.apple.com/nl/ipad-air/error.js]
[www.apple.com/nl/ipad-air/validation.js]
[www.apple.com/nl/ipad-air/relayWrite.js]
[www.apple.com/nl/ipad-air/relayRead.js]
[www.apple.com/nl/ipad-air/encoder.js]
[www.apple.com/nl/ipad-air/getSearchParams.js]
[www.apple.com/nl/ipad-air/constants.js]
[www.apple.com/nl/ipad-air/begin.js]
[www.apple.com/nl/ipad-air/perform.js]
[www.apple.com/nl/ipad-air/serpPageLoad.js]
[www.apple.com/nl/ipad-air/pagination.js]
[www.apple.com/nl/ipad-air/resultClick.js]
[www.apple.com/nl/ipad-air/exit.js]
[www.apple.com/nl/ipad-air/accessoriesFilter.js]
[www.apple.com/nl/ipad-air/typeToEvents.js]
[www.apple.com/nl/ipad-air/getRelayForLink.js]
[www.apple.com/nl/ipad-air/sanitizeRegion.js]
[www.apple.com/nl/ipad-air/sanitizeLink.js]
[www.apple.com/nl/ipad-air/sanitizeText.js]
[www.apple.com/nl/ipad-air/formatLink.js]
[www.apple.com/nl/stringHelpers/index.js]
[www.apple.com/nl/pipe/index.js]
[www.apple.com/nl/ipad-air/removePIIData.js]
[www.apple.com/nl/cookie/index.js]
[www.apple.com/nl/ipad-air/getEnvCookieName.js]
[www.apple.com/nl/asCookie/index.js]
[www.apple.com/nl/jsonEncoder/index.js]
[www.apple.com/nl/ipad-air/getRawNumberFromString.js]
[www.apple.com/nl/ipad-air/guessPartNumber.js]
[www.apple.com/nl/ipad-air/formatPrice.js]
[www.apple.com/nl/ipad-air/isBeacon.js]
[www.apple.com/nl/ipad-air/isNotEmpty.js]
[www.apple.com/nl/ipad-air/setValue.js]
[www.apple.com/nl/ipad-air/toBeaconSafeVal.js]
[www.apple.com/nl/ipad-air/isValidBeaconKey.js]
[www.apple.com/nl/ipad-air/getPartNumber.js]
[www.apple.com/nl/objectHelpers/isObject.js]
[www.apple.com/nl/objectHelpers/isNotEmpty.js]
[www.apple.com/nl/ipad-air/expiresToDate.js]
[www.apple.com/nl/ipad-air/deepClone.js]
[www.apple.com/nl/ipad-air/debounce.js]
[www.apple.com/nl/ipad-air/isNavigationEvent.js]
[www.apple.com/nl/ipad-air/getOmniture.js]
[www.apple.com/nl/ipad-air/getRandomInt.js]
[www.apple.com/nl/ipad-air/activityMap/index.js]
[www.apple.com/nl/ipad-air/asCookie/index.js]
[www.apple.com/nl/ipad-air/asCookieJson/index.js]
[www.apple.com/nl/ipad-air/beaconHelpers/index.js]
[www.apple.com/nl/ipad-air/cookie/index.js]
[www.apple.com/nl/ipad-air/cookieJson/index.js]
[www.apple.com/nl/ipad-air/deepClone/index.js]
[www.apple.com/nl/ipad-air/dispatchEventAsync/index.js]
[www.apple.com/nl/ipad-air/eventHelpers/index.js]
[www.apple.com/nl/ipad-air/getOmniture/index.js]
[www.apple.com/nl/ipad-air/getRandomInt/index.js]
[www.apple.com/nl/ipad-air/jsonEncoder/index.js]
[www.apple.com/nl/ipad-air/localStorage/index.js]
[www.apple.com/nl/ipad-air/localStorageJson/index.js]
[www.apple.com/nl/ipad-air/objectPath/index.js]
[www.apple.com/nl/ipad-air/objectHelpers/index.js]
[www.apple.com/nl/ipad-air/pipe/index.js]
[www.apple.com/nl/ipad-air/sessionStorage/index.js]
[www.apple.com/nl/ipad-air/sessionStorageJson/index.js]
[www.apple.com/nl/ipad-air/stringHelpers/index.js]
[www.apple.com/nl/ipad-air/urlHelpers/index.js]
[www.apple.com/nl/ipad-air/decode.js]
[www.apple.com/nl/ipad-air/encode.js]
[www.apple.com/nl/localStorage/index.js]
[www.apple.com/nl/ipad-air/formatPath.js]
[www.apple.com/nl/ipad-air/getFactory.js]
[www.apple.com/nl/ipad-air/setFactory.js]
[www.apple.com/nl/ipad-air/pipe.js]
[www.apple.com/nl/sessionStorage/index.js]
[www.apple.com/nl/ipad-air/toStrTrim.js]
[www.apple.com/nl/ipad-air/toStr.js]
[www.apple.com/nl/ipad-air/trimExtraWhiteSpaces.js]
[www.apple.com/nl/ipad-air/trimAllNonPrintable.js]
[www.apple.com/nl/ipad-air/sliceTrim.js]
[www.apple.com/nl/ipad-air/sliceTrimFactory.js]
[www.apple.com/nl/ipad-air/classListContains.js]
[www.apple.com/nl/ipad-air/getOrigin.js]
[www.apple.com/nl/ipad-air/getQueryParam.js]
[www.apple.com/nl/ipad-air/isCrossOriginLink.js]
[www.apple.com/nl/ipad-air/isExitLink.js]
[www.apple.com/nl/ipad-air/isExternalLink.js]
[www.apple.com/nl/ipad-air/isGlobalNavLink.js]
[www.apple.com/nl/ipad-air/isImmediateLink.js]
[www.apple.com/nl/ipad-air/isMarcomUrl.js]
[www.apple.com/nl/ipad-air/isSearchLink.js]
[www.apple.com/nl/ipad-air/isSignInLink.js]
[www.apple.com/nl/ipad-air/isSignOutLink.js]
[www.apple.com/nl/ipad-air/isTargetingOtherWindow.js]
[www.apple.com/nl/ipad-air/isValidLink.js]
[www.apple.com/nl/ipad-air/redirectsToSignInLink.js]
[www.apple.com/nl/ipad-air/resolvesToSearchPage.js]
[www.apple.com/nl/ipad-air/isAccessoriesSERPLink.js]
[www.apple.com/nl/ipad-air/isStoreSERPLink.js]
[www.apple.com/nl/ipad-air/isServiceSERPLink.js]
[www.apple.com/nl/ipad-air/sanitizeUrl.js]
[www.apple.com/nl/getOmniture/index.js]
[www.apple.com/nl/ipad-air/hasPropertyValue.js]
[www.apple.com/nl/ipad-air/o]
[www.apple.com/nl/ipad-air/Trident/index.html]
[www.apple.com/nl/ipad-air/POST.1e9.delayed]
[www.apple.com/nl/ipad-air/t]
[www.apple.com/nl/ipad-air/helpers/helpers.js]
[www.apple.com/metrics/ac-analytics/2.22.0/scripts/ac-analytics.js]
[www.apple.com/metrics/ac-analytics/2.22.0/scripts/auto-init.js]
[www.apple.com/v/ipad-air/x/images/meta/ipad-air_specs__ft8oqkpli7u6_oga3f7.png]
[www.apple.com/v/ipad-air/x/built/styles/main.built.css]
[www.apple.com/v/ipad-air/x/built/styles/specs.built.css]
[www.apple.com/nl/ipad-air/styles/specs.css]
[www.apple.com/v/ipad-air/x/built/scripts/head.built.js]
[www.apple.com/nl/ipad-air/specs/index.html]
[www.apple.com/v/ipad-air/x/built/scripts/main.built.js]
[www.apple.com/v/ipad-air/u/images/meta/ipad-air_why__bk8vyt1ctyvm_og9786.png]
[www.apple.com/v/ipad-air/u/built/styles/why-ipad.built.css]
[www.apple.com/v/ipad/shared/why-ipad/o/built/styles/overview.built.css]
[www.apple.com/v/ipad/shared/why-ipad/o/built/scripts/head.built.js]
[www.apple.com/euro/ipad/shared/why-ipad/g/screens_alt/images/why-ipad/hero/main__tvu0mc9iqqie_large.jpg]
[www.apple.com/euro/ipad/shared/why-ipad/g/screens_alt/images/why-ipad/hero/bottom__fnnchnizjlu2_large.jpg]
[www.apple.com/v/ipad/shared/why-ipad/o/images/why-ipad/workstation/hero__dabgrginuqy6_large.jpg]
[www.apple.com/v/ipad/shared/why-ipad/o/images/why-ipad/workstation/power__dq4xxv2tdhkm_large.jpg]
[www.apple.com/v/ipad/shared/why-ipad/o/images/why-ipad/workstation/splitview__f0lbnqmtxuqi_large.jpg]
[www.apple.com/v/ipad/shared/why-ipad/o/images/why-ipad/workstation/connectivity__enzic47mkomu_large.png]
[www.apple.com/v/ipad/shared/why-ipad/o/images/why-ipad/workstation/files__q2r0ldmdb0yi_large.jpg]
[www.apple.com/v/ipad/shared/why-ipad/o/images/why-ipad/markup/hero__dabgrginuqy6_large.jpg]
[www.apple.com/v/ipad/shared/why-ipad/o/images/why-ipad/markup/notes__ei40grqky3sm_large.jpg]
[www.apple.com/v/ipad/shared/why-ipad/o/images/why-ipad/markup/shapes__f4k2wzdewwy2_large.jpg]
[www.apple.com/v/ipad/shared/why-ipad/o/images/why-ipad/markup/signatures__f9n6y3dlt32a_large.jpg]
[www.apple.com/v/ipad/shared/why-ipad/o/images/why-ipad/markup/anything__gfmqpuj30jqm_large.jpg]
[www.apple.com/euro/ipad/shared/why-ipad/g/screens_alt/images/why-ipad/creativity/hero__dabgrginuqy6_large.jpg]
[www.apple.com/v/ipad/shared/why-ipad/o/images/why-ipad/creativity/draw__bwazhu5psqhe_large.jpg]
[www.apple.com/v/ipad/shared/why-ipad/o/images/why-ipad/creativity/design__bmmq6lyty682_large.jpg]
[www.apple.com/v/ipad/shared/why-ipad/o/images/why-ipad/creativity/produce__rwuvqjsk2kay_large.jpg]
[www.apple.com/v/ipad/shared/why-ipad/o/images/why-ipad/creativity/animate_startframe__edxyxt4hxh6q_large.jpg]
[www.apple.com/v/ipad/shared/why-ipad/o/images/why-ipad/creativity/animate_endframe__dbcj2613ol4y_large.jpg]
[www.apple.com/euro/ipad/shared/why-ipad/g/screens_alt/images/why-ipad/creativity/sidecar__edi3u3pf08wi_large.jpg]
[www.apple.com/v/ipad/shared/why-ipad/o/images/why-ipad/entertainment/hero__dabgrginuqy6_large.jpg]
[www.apple.com/v/ipad/shared/why-ipad/o/images/why-ipad/entertainment/marquee/marquee-item-1__dixceb76oumq_large.jpg]
[www.apple.com/v/ipad/shared/why-ipad/o/images/why-ipad/entertainment/marquee/marquee-item-2__e7ve6n0ew3ma_large.jpg]
[www.apple.com/v/ipad/shared/why-ipad/o/images/why-ipad/entertainment/marquee/marquee-item-3__bwqynj79xnte_large.jpg]
[www.apple.com/v/ipad/shared/why-ipad/o/images/why-ipad/entertainment/marquee/marquee-item-4__dipx2ojxtyi6_large.jpg]
[www.apple.com/v/ipad/shared/why-ipad/o/images/why-ipad/entertainment/marquee/marquee-item-5__d0q7grpqtsia_large.jpg]
[www.apple.com/v/ipad/shared/why-ipad/o/images/why-ipad/entertainment/marquee/marquee-item-6__f6szqr07gviq_large.jpg]
[www.apple.com/v/ipad/shared/why-ipad/o/images/why-ipad/entertainment/marquee/marquee-item-7__din4w5p37j2a_large.jpg]
[www.apple.com/v/ipad/shared/why-ipad/o/images/why-ipad/entertainment/marquee/marquee-item-8__c2w741wrnt6q_large.jpg]
[www.apple.com/v/ipad/shared/why-ipad/o/images/why-ipad/entertainment/marquee/marquee-item-9__ezv7v29d4fiq_large.jpg]
[www.apple.com/v/ipad/shared/why-ipad/o/images/why-ipad/entertainment/marquee/marquee-item-10__bvnlw65pwaoi_large.jpg]
[www.apple.com/euro/ipad/shared/why-ipad/g/screens_alt/images/why-ipad/entertainment/marquee/marquee-item-11__ggsssjvnlkia_large.jpg]
[www.apple.com/v/ipad/shared/why-ipad/o/images/why-ipad/entertainment/marquee/marquee-item-12__d5gt4owv6lsi_large.jpg]
[www.apple.com/v/ipad/shared/why-ipad/o/images/why-ipad/entertainment/stream__e5638n18mnue_large.jpg]
[www.apple.com/v/ipad/shared/why-ipad/o/images/why-ipad/entertainment/speakers__blj4mf7fztaq_large.png]
[www.apple.com/euro/ipad/shared/why-ipad/g/screens_alt/images/why-ipad/entertainment/news__d000vbow69km_large.jpg]
[www.apple.com/v/ipad/shared/why-ipad/o/images/why-ipad/camera/hero__dabgrginuqy6_large.jpg]
[www.apple.com/v/ipad/shared/why-ipad/o/images/why-ipad/camera/shoot_edit__fezoiq85tje6_large.jpg]
[www.apple.com/v/ipad/shared/why-ipad/o/images/why-ipad/camera/front_camera__d4pnd6ztrc02_large.jpg]
[www.apple.com/v/ipad/shared/why-ipad/o/images/why-ipad/camera/scanner__cab4b0d0qjde_large.jpg]
[www.apple.com/v/ipad/shared/why-ipad/o/images/why-ipad/camera/ar__eaflgqprbl2e_large.jpg]
[www.apple.com/v/ipad/shared/why-ipad/o/images/why-ipad/gaming/hero__dabgrginuqy6_large.jpg]
[www.apple.com/v/ipad/shared/why-ipad/o/images/why-ipad/gaming/marquee/marquee-item-1__dixceb76oumq_large.jpg]
[www.apple.com/v/ipad/shared/why-ipad/o/images/why-ipad/gaming/marquee/marquee-item-2__e7ve6n0ew3ma_large.jpg]
[www.apple.com/v/ipad/shared/why-ipad/o/images/why-ipad/gaming/marquee/marquee-item-3__bwqynj79xnte_large.jpg]
[www.apple.com/v/ipad/shared/why-ipad/o/images/why-ipad/gaming/marquee/marquee-item-4__dipx2ojxtyi6_large.jpg]
[www.apple.com/v/ipad/shared/why-ipad/o/images/why-ipad/gaming/marquee/marquee-item-5__d0q7grpqtsia_large.jpg]
[www.apple.com/v/ipad/shared/why-ipad/o/images/why-ipad/gaming/marquee/marquee-item-6__f6szqr07gviq_large.jpg]
[www.apple.com/v/ipad/shared/why-ipad/o/images/why-ipad/gaming/marquee/marquee-item-7__din4w5p37j2a_large.jpg]
[www.apple.com/v/ipad/shared/why-ipad/o/images/why-ipad/gaming/marquee/marquee-item-8__c2w741wrnt6q_large.jpg]
[www.apple.com/v/ipad/shared/why-ipad/o/images/why-ipad/gaming/marquee/marquee-item-9__ezv7v29d4fiq_large.jpg]
[www.apple.com/v/ipad/shared/why-ipad/o/images/why-ipad/gaming/marquee/marquee-item-10__bvnlw65pwaoi_large.jpg]
[www.apple.com/v/ipad/shared/why-ipad/o/images/why-ipad/gaming/marquee/marquee-item-11__d4a4mcomw20y_large.jpg]
[www.apple.com/v/ipad/shared/why-ipad/o/images/why-ipad/gaming/marquee/marquee-item-12__d5gt4owv6lsi_large.jpg]
[www.apple.com/v/ipad/shared/why-ipad/o/images/why-ipad/gaming/marquee/marquee-item-13__flbou9xt7nyq_large.jpg]
[www.apple.com/v/ipad/shared/why-ipad/o/images/why-ipad/gaming/marquee/marquee-item-14__lg7grwc073ey_large.jpg]
[www.apple.com/v/ipad/shared/why-ipad/o/images/why-ipad/gaming/marquee/marquee-item-15__54cyo4fdqkiy_large.jpg]
[www.apple.com/v/ipad/shared/why-ipad/o/images/why-ipad/gaming/marquee/marquee-item-16__n5u8pmyz6kay_large.jpg]
[www.apple.com/v/ipad/shared/why-ipad/o/images/why-ipad/gaming/marquee/marquee-item-17__fp4x04c5wdua_large.jpg]
[www.apple.com/v/ipad/shared/why-ipad/o/images/why-ipad/gaming/marquee/marquee-item-18__b9ikqnz0mcqa_large.jpg]
[www.apple.com/v/ipad/shared/why-ipad/o/images/why-ipad/gaming/marquee/marquee-item-19__chadz5e9yxzm_large.jpg]
[www.apple.com/v/ipad/shared/why-ipad/o/images/why-ipad/gaming/marquee/marquee-item-20__dk57be485z8m_large.jpg]
[www.apple.com/v/ipad/shared/why-ipad/o/images/why-ipad/gaming/marquee/marquee-item-21__fx2ldxlriyqi_large.jpg]
[www.apple.com/v/ipad/shared/why-ipad/o/images/why-ipad/gaming/controller__bam47006thhu_large.jpg]
[www.apple.com/v/ipad/shared/why-ipad/o/images/why-ipad/gaming/apple_arcade_startframe__bfrqqhoh8uz6_large.jpg]
[www.apple.com/v/ipad/shared/why-ipad/o/images/why-ipad/gaming/apple_arcade_endframe__cahc5z1lxpiu_large.jpg]
[www.apple.com/v/ipad/shared/why-ipad/o/images/why-ipad/gaming/apple_arcade__7yj9n3la2ma2_large.jpg]
[www.apple.com/v/ipad/shared/why-ipad/o/images/why-ipad/gaming/motion__dt6ecfv3i6qa_large.jpg]
[www.apple.com/v/ipad/shared/why-ipad/o/images/why-ipad/learning/hero__dabgrginuqy6_large.jpg]
[www.apple.com/v/ipad/shared/why-ipad/o/images/why-ipad/learning/classroom__bii3c6nmpsk2_large.jpg]
[www.apple.com/v/ipad/shared/why-ipad/o/images/why-ipad/learning/professionals__ekyjlj2pjkia_large.jpg]
[www.apple.com/v/ipad/shared/why-ipad/o/images/why-ipad/learning/kids__enqq3we7cwsy_large.jpg]
[www.apple.com/v/ipad/shared/why-ipad/o/images/why-ipad/learning/skills__cdi2g4nktymq_large.jpg]
[www.apple.com/v/ipad/shared/why-ipad/o/images/why-ipad/learning/ar__eaflgqprbl2e_large.jpg]
[www.apple.com/v/ipad/shared/why-ipad/o/images/why-ipad/router/app_store_icon__fl0zbke3t56y_large.png]
[www.apple.com/euro/ipad/shared/why-ipad/g/screens_alt/images/why-ipad/router/ipados18__ey4froiftus2_large.jpg]
[www.apple.com/v/ipad/shared/why-ipad/o/images/why-ipad/router/privacy_icon__eix8ndchaemq_large.png]
[www.apple.com/v/ipad/shared/why-ipad/o/images/why-ipad/router/accessibility_icon__f9lonzsmiwa6_large.png]
[www.apple.com/v/ipad/shared/why-ipad/o/images/why-ipad/router/environment_icon__z7rg2o4919u2_large.png]
[www.apple.com/nl/ipad-air/why-ipad/index.html]
[www.apple.com/ac/localnav/9/scripts/ac-localnav.built.js]
[www.apple.com/v/ipad/shared/index/a/built/styles/shared-index.built.css]
[www.apple.com/ac/globalfooter/8/nl_NL/scripts/ac-globalfooter.built.js]
[www.apple.com/ac/localeswitcher/4/nl_NL/scripts/localeswitcher.built.js]
[www.apple.com/v/ipad/shared/why-ipad/o/built/scripts/main.built.js]
[www.apple.com/v/ipad-air/u/built/scripts/main.built.js]
[www.apple.com/ac/ac-films/7.0.0/styles/modal.css]
[www.apple.com/nl/ipad-air/arrayLikeToArray.js]
[www.apple.com/nl/ipad-air/setPrototypeOf.js]
[www.apple.com/nl/ipad-air/isNativeReflectConstruct.js]
[www.apple.com/nl/ipad-air/toPropertyKey.js]
[www.apple.com/nl/ipad-air/superPropBase.js]
[www.apple.com/nl/ipad-air/typeof.js]
[www.apple.com/nl/ipad-air/assertThisInitialized.js]
[www.apple.com/nl/ipad-air/arrayWithHoles.js]
[www.apple.com/nl/ipad-air/iterableToArrayLimit.js]
[www.apple.com/nl/ipad-air/unsupportedIterableToArray.js]
[www.apple.com/nl/ipad-air/nonIterableRest.js]
[www.apple.com/nl/ipad-air/getPrototypeOf.js]
[www.apple.com/nl/ipad-air/arrayWithoutHoles.js]
[www.apple.com/nl/ipad-air/iterableToArray.js]
[www.apple.com/nl/ipad-air/nonIterableSpread.js]
[www.apple.com/nl/ipad-air/toPrimitive.js]
[www.apple.com/nl/ipad-air/keyCodeMap.js]
[www.apple.com/nl/assets/CloseSvg.js]
[www.apple.com/nl/ipad-air/$1/index.html]
[www.apple.com/.versionfile.258.delayed]
[www.apple.com/nl/.release-info.js]
[www.apple.com/ac/libs/three/92/three.min.js]
[www.apple.com/nl/ipad-air/templates/slider.html]
[www.apple.com/ac/ac-video-posterframe/4.0/images/ac_video_poster_960x540.jpg]
[www.apple.com/ac/ac-video-posterframe/4.0/images/ac_video_poster_960x540_2x.jpg]
[www.apple.com/nl/ipad-air/templates/default-controls.html]
[www.apple.com/nl/ipad-air/templates/progress-slider.html]
[www.apple.com/nl/ipad-air/templates/volume-slider.html]
[www.apple.com/nl/ipad-air/_thumbnails.jpg]
[www.apple.com/ac/ac-films/7.0.0/scripts/autofilms.built.js]
[www.apple.com/ac/pricing/latest-1/scripts/autopricing.built.js]
[www.apple.com/nl/ipad-air/src/aria/aria.html]
[www.apple.com/nl/ipad-air/src/cookie/asCookie.html]
[www.apple.com/nl/ipad-air/src/cookie/cookie.html]
[www.apple.com/nl/ipad-air/src/env/env.html]
[www.apple.com/nl/ipad-air/src/event/event.html]
[www.apple.com/nl/ipad-air/src/eventTrigger/eventTrigger.html]
[www.apple.com/nl/ipad-air/src/fcsStorage/fcsStorage.html]
[www.apple.com/nl/ipad-air/src/fetch/fetch.html]
[www.apple.com/nl/ipad-air/src/imageReplacer/imageReplacer.html]
[www.apple.com/nl/ipad-air/src/jsonRpc/jsonRpc.html]
[www.apple.com/nl/ipad-air/src/scroll/scroll.html]
[www.apple.com/nl/ipad-air/src/string/string.html]
[www.apple.com/nl/ipad-air/src/support/support.html]
[www.apple.com/nl/ipad-air/src/truncate/truncate.html]
[www.apple.com/nl/ipad-air/src/userInputType/userInputType.html]
[www.apple.com/nl/ipad-air/src/calendar/calendar.html]
[www.apple.com/nl/ipad-air/src/log/log.html]
[www.apple.com/nl/ipad-air/src/telLinkReplacer/telLinkReplacer.html]
[www.apple.com/nl/ipad-air/cookie.html]
[www.apple.com/nl/env/env.html]
[www.apple.com/nl/event/event.html]
[www.apple.com/nl/cookie/cookie.html]
[www.apple.com/nl/string/string.html]
[www.apple.com/nl/ipad-air/sanitizers/index.html]
[www.apple.com/nl/ipad-air/getCookieDomain.html]
[www.apple.com/nl/ipad-air/config.html]
[www.apple.com/nl/config.html]
[www.apple.com/nl/ipad-air/getUid.html]
[www.apple.com/nl/ipad-air/get.html]
[www.apple.com/nl/ipad-air/set.html]
[www.apple.com/nl/ipad-air/retrieve.html]
[www.apple.com/nl/ipad-air/store.html]
[www.apple.com/nl/ipad-air/dataLayer/index.html]
[www.apple.com/nl/ipad-air/sanitizeBeaconVars.html]
[www.apple.com/nl/ipad-air/sanitizeBeaconLength.html]
[www.apple.com/nl/ipad-air/lengthLimitFactory.html]
[www.apple.com/nl/ipad-air/sanitizeBeacon.html]
[www.apple.com/nl/ipad-air/passiveTrackerLoader.html]
[www.apple.com/nl/utils/index.html]
[www.apple.com/nl/ipad-air/mandatoryProps.html]
[www.apple.com/nl/ipad-air/state.html]
[www.apple.com/nl/localStoreSync/index.html]
[www.apple.com/nl/sessionStoreSync/index.html]
[www.apple.com/nl/state.html]
[www.apple.com/nl/config/index.html]
[www.apple.com/nl/ipad-air/readMeta.html]
[www.apple.com/nl/ipad-air/readPageDataModel.html]
[www.apple.com/nl/set.html]
[www.apple.com/nl/ipad-air/init.html]
[www.apple.com/nl/ipad-air/remove.html]
[www.apple.com/nl/ipad-air/localStore/index.html]
[www.apple.com/nl/ipad-air/hydrate/index.html]
[www.apple.com/nl/ipad-air/localStoreSync/index.html]
[www.apple.com/nl/ipad-air/config/index.html]
[www.apple.com/nl/ipad-air/isExpired.html]
[www.apple.com/nl/ipad-air/expiryExtender.html]
[www.apple.com/nl/ipad-air/registerStoreEventCallback.html]
[www.apple.com/nl/ipad-air/syncLocalStoreToState.html]
[www.apple.com/nl/ipad-air/syncStateToLocalStore.html]
[www.apple.com/nl/localStore/index.html]
[www.apple.com/nl/ipad-air/sessionStoreSync/index.html]
[www.apple.com/nl/ipad-air/syncSessionStoreToState.html]
[www.apple.com/nl/ipad-air/syncStateToSessionStore.html]
[www.apple.com/nl/sessionStore/index.html]
[www.apple.com/nl/ipad-air/utils/index.html]
[www.apple.com/nl/ipad-air/isObject.html]
[www.apple.com/nl/ipad-air/isValidObject.html]
[www.apple.com/nl/ipad-air/utils.html]
[www.apple.com/nl/ipad-air/schema/index.html]
[www.apple.com/nl/ipad-air/transformers/index.html]
[www.apple.com/nl/ipad-air/storage/index.html]
[www.apple.com/nl/ipad-air/storage/syncTabs.html]
[www.apple.com/nl/ipad-air/setDefaults.html]
[www.apple.com/nl/ipad-air/api.html]
[www.apple.com/nl/ipad-air/v1.html]
[www.apple.com/nl/schema/index.html]
[www.apple.com/nl/transformers/index.html]
[www.apple.com/nl/utils.html]
[www.apple.com/nl/setDefaults.html]
[www.apple.com/nl/ipad-air/save.html]
[www.apple.com/nl/ipad-air/load.html]
[www.apple.com/nl/ipad-air/clear.html]
[www.apple.com/nl/ipad-air/syncTabs.html]
[www.apple.com/nl/ipad-air/mergeExisting.html]
[www.apple.com/nl/ipad-air/mapToSchema.html]
[www.apple.com/nl/ipad-air/compress.html]
[www.apple.com/nl/storage/index.html]
[www.apple.com/nl/ipad-air/endOfPage.html]
[www.apple.com/nl/ipad-air/update.html]
[www.apple.com/nl/ipad-air/onEngaged.html]
[www.apple.com/nl/ipad-air/merge.html]
[www.apple.com/nl/ipad-air/mergers.html]
[www.apple.com/nl/OmnitureItem/index.html]
[www.apple.com/nl/OmnitureCollection/index.html]
[www.apple.com/nl/ipad-air/splitKey.html]
[www.apple.com/nl/ipad-air/OmnitureCollection/index.html]
[www.apple.com/nl/ipad-air/OmnitureItem/index.html]
[www.apple.com/nl/ipad-air/OmnitureEvent/index.html]
[www.apple.com/nl/ipad-air/OmnitureVariable/index.html]
[www.apple.com/nl/ipad-air/OmnitureProduct/index.html]
[www.apple.com/nl/ipad-air/OmnitureContentRecommendation/index.html]
[www.apple.com/nl/ipad-air/parsers/parseItemCollectionString.html]
[www.apple.com/nl/ipad-air/parsers/parseItemCollectionArray.html]
[www.apple.com/nl/ipad-air/parsers/parseEventCollectionString.html]
[www.apple.com/nl/ipad-air/parsers/parseProductCollectionString/index.html]
[www.apple.com/nl/OmnitureEvent/index.html]
[www.apple.com/OmnitureCollection/index.html]
[www.apple.com/OmnitureEvent/index.html]
[www.apple.com/OmnitureProduct/index.html]
[www.apple.com/nl/ipad-air/productCollectionStringToProductStringArray.html]
[www.apple.com/nl/ipad-air/parseProductString.html]
[www.apple.com/nl/ipad-air/addProductToCollection.html]
[www.apple.com/config.html]
[www.apple.com/nl/parseEventCollectionString.html]
[www.apple.com/nl/parseVariableCollectionString.html]
[www.apple.com/nl/OmnitureVariable/index.html]
[www.apple.com/nl/ipad-air/generateProps.html]
[www.apple.com/nl/ipad-air/loaders/index.html]
[www.apple.com/nl/ipad-air/loaderAPI.html]
[www.apple.com/nl/ipad-air/loaderBeacon.html]
[www.apple.com/nl/ipad-air/loaderPageName.html]
[www.apple.com/nl/ipad-air/loaderArea.html]
[www.apple.com/nl/ipad-air/append.html]
[www.apple.com/nl/ipad-air/triggerNewPage.html]
[www.apple.com/nl/ipad-air/dataStore.html]
[www.apple.com/nl/ipad-air/error.html]
[www.apple.com/nl/ipad-air/validation.html]
[www.apple.com/nl/ipad-air/relayWrite.html]
[www.apple.com/nl/ipad-air/relayRead.html]
[www.apple.com/nl/ipad-air/encoder.html]
[www.apple.com/nl/ipad-air/getSearchParams.html]
[www.apple.com/nl/ipad-air/constants.html]
[www.apple.com/nl/ipad-air/begin.html]
[www.apple.com/nl/ipad-air/perform.html]
[www.apple.com/nl/ipad-air/serpPageLoad.html]
[www.apple.com/nl/ipad-air/pagination.html]
[www.apple.com/nl/ipad-air/resultClick.html]
[www.apple.com/nl/ipad-air/exit.html]
[www.apple.com/nl/ipad-air/accessoriesFilter.html]
[www.apple.com/nl/ipad-air/typeToEvents.html]
[www.apple.com/nl/ipad-air/getRelayForLink.html]
[www.apple.com/nl/ipad-air/sanitizeRegion.html]
[www.apple.com/nl/ipad-air/sanitizeLink.html]
[www.apple.com/nl/ipad-air/sanitizeText.html]
[www.apple.com/nl/ipad-air/formatLink.html]
[www.apple.com/nl/stringHelpers/index.html]
[www.apple.com/nl/pipe/index.html]
[www.apple.com/nl/ipad-air/removePIIData.html]
[www.apple.com/nl/cookie/index.html]
[www.apple.com/nl/ipad-air/getEnvCookieName.html]
[www.apple.com/nl/asCookie/index.html]
[www.apple.com/nl/jsonEncoder/index.html]
[www.apple.com/nl/ipad-air/getRawNumberFromString.html]
[www.apple.com/nl/ipad-air/guessPartNumber.html]
[www.apple.com/nl/ipad-air/formatPrice.html]
[www.apple.com/nl/ipad-air/isBeacon.html]
[www.apple.com/nl/ipad-air/isNotEmpty.html]
[www.apple.com/nl/ipad-air/setValue.html]
[www.apple.com/nl/ipad-air/toBeaconSafeVal.html]
[www.apple.com/nl/ipad-air/isValidBeaconKey.html]
[www.apple.com/nl/ipad-air/getPartNumber.html]
[www.apple.com/nl/objectHelpers/isObject.html]
[www.apple.com/nl/objectHelpers/isNotEmpty.html]
[www.apple.com/nl/ipad-air/expiresToDate.html]
[www.apple.com/nl/ipad-air/deepClone.html]
[www.apple.com/nl/ipad-air/debounce.html]
[www.apple.com/nl/ipad-air/isNavigationEvent.html]
[www.apple.com/nl/ipad-air/getOmniture.html]
[www.apple.com/nl/ipad-air/getRandomInt.html]
[www.apple.com/nl/ipad-air/activityMap/index.html]
[www.apple.com/nl/ipad-air/asCookie/index.html]
[www.apple.com/nl/ipad-air/asCookieJson/index.html]
[www.apple.com/nl/ipad-air/beaconHelpers/index.html]
[www.apple.com/nl/ipad-air/cookie/index.html]
[www.apple.com/nl/ipad-air/cookieJson/index.html]
[www.apple.com/nl/ipad-air/deepClone/index.html]
[www.apple.com/nl/ipad-air/dispatchEventAsync/index.html]
[www.apple.com/nl/ipad-air/eventHelpers/index.html]
[www.apple.com/nl/ipad-air/getOmniture/index.html]
[www.apple.com/nl/ipad-air/getRandomInt/index.html]
[www.apple.com/nl/ipad-air/jsonEncoder/index.html]
[www.apple.com/nl/ipad-air/localStorage/index.html]
[www.apple.com/nl/ipad-air/localStorageJson/index.html]
[www.apple.com/nl/ipad-air/objectPath/index.html]
[www.apple.com/nl/ipad-air/objectHelpers/index.html]
[www.apple.com/nl/ipad-air/pipe/index.html]
[www.apple.com/nl/ipad-air/sessionStorage/index.html]
[www.apple.com/nl/ipad-air/sessionStorageJson/index.html]
[www.apple.com/nl/ipad-air/stringHelpers/index.html]
[www.apple.com/nl/ipad-air/urlHelpers/index.html]
[www.apple.com/nl/ipad-air/decode.html]
[www.apple.com/nl/ipad-air/encode.html]
[www.apple.com/nl/localStorage/index.html]
[www.apple.com/nl/ipad-air/formatPath.html]
[www.apple.com/nl/ipad-air/getFactory.html]
[www.apple.com/nl/ipad-air/setFactory.html]
[www.apple.com/nl/ipad-air/pipe.html]
[www.apple.com/nl/sessionStorage/index.html]
[www.apple.com/nl/ipad-air/toStrTrim.html]
[www.apple.com/nl/ipad-air/toStr.html]
[www.apple.com/nl/ipad-air/trimExtraWhiteSpaces.html]
[www.apple.com/nl/ipad-air/trimAllNonPrintable.html]
[www.apple.com/nl/ipad-air/sliceTrim.html]
[www.apple.com/nl/ipad-air/sliceTrimFactory.html]
[www.apple.com/nl/ipad-air/window.html]
[www.apple.com/nl/ipad-air/classListContains.html]
[www.apple.com/nl/ipad-air/getOrigin.html]
[www.apple.com/nl/ipad-air/getQueryParam.html]
[www.apple.com/nl/ipad-air/isCrossOriginLink.html]
[www.apple.com/nl/ipad-air/isExitLink.html]
[www.apple.com/nl/ipad-air/isExternalLink.html]
[www.apple.com/nl/ipad-air/isGlobalNavLink.html]
[www.apple.com/nl/ipad-air/isImmediateLink.html]
[www.apple.com/nl/ipad-air/isMarcomUrl.html]
[www.apple.com/nl/ipad-air/isSearchLink.html]
[www.apple.com/nl/ipad-air/isSignInLink.html]
[www.apple.com/nl/ipad-air/isSignOutLink.html]
[www.apple.com/nl/ipad-air/isTargetingOtherWindow.html]
[www.apple.com/nl/ipad-air/isValidLink.html]
[www.apple.com/nl/ipad-air/redirectsToSignInLink.html]
[www.apple.com/nl/ipad-air/resolvesToSearchPage.html]
[www.apple.com/nl/ipad-air/isAccessoriesSERPLink.html]
[www.apple.com/nl/ipad-air/isStoreSERPLink.html]
[www.apple.com/nl/ipad-air/isServiceSERPLink.html]
[www.apple.com/nl/ipad-air/sanitizeUrl.html]
[www.apple.com/nl/getOmniture/index.html]
[www.apple.com/nl/ipad-air/hasPropertyValue.html]
[www.apple.com/nl/ipad-air/o.html]
[www.apple.com/nl/ipad-air/Trident/index.html]
[www.apple.com/nl/ipad-air/POST.html]
[www.apple.com/nl/ipad-air/t.html]
[www.apple.com/nl/ipad-air/helpers/helpers.html]
[www.apple.com/v/ipad-air/x/built/styles/main.built.css]
[www.apple.com/ac/libs/hls.js/2.820.0/hls.js]
[www.apple.com/v/ipad-air/x/images/specs/models__c3by1meoxmqa_large.jpg]
[www.apple.com/v/ipad-air/x/images/specs/models__c3by1meoxmqa_large_2x.jpg]
[www.apple.com/v/ipad-air/x/images/specs/models__c3by1meoxmqa_medium.jpg]
[www.apple.com/v/ipad-air/x/images/specs/models__c3by1meoxmqa_medium_2x.jpg]
[www.apple.com/v/ipad-air/x/images/specs/models__c3by1meoxmqa_small.jpg]
[www.apple.com/v/ipad-air/x/images/specs/models__c3by1meoxmqa_small_2x.jpg]
[www.apple.com/v/ipad-air/x/images/specs/finish__c80p4bc3iw4m_large.jpg]
[www.apple.com/v/ipad-air/x/images/specs/finish__c80p4bc3iw4m_large_2x.jpg]
[www.apple.com/v/ipad-air/x/images/specs/finish__c80p4bc3iw4m_medium.jpg]
[www.apple.com/v/ipad-air/x/images/specs/finish__c80p4bc3iw4m_medium_2x.jpg]
[www.apple.com/v/ipad-air/x/images/specs/finish__c80p4bc3iw4m_small.jpg]
[www.apple.com/v/ipad-air/x/images/specs/finish__c80p4bc3iw4m_small_2x.jpg]
[www.apple.com/v/ipad-air/x/images/specs/size_weight_11_inch__ey0d28dw23cm_large.png]
[www.apple.com/v/ipad-air/x/images/specs/size_weight_11_inch__ey0d28dw23cm_large_2x.png]
[www.apple.com/v/ipad-air/x/images/specs/size_weight_11_inch__ey0d28dw23cm_medium.png]
[www.apple.com/v/ipad-air/x/images/specs/size_weight_11_inch__ey0d28dw23cm_medium_2x.png]
[www.apple.com/v/ipad-air/x/images/specs/size_weight_11_inch__ey0d28dw23cm_small.png]
[www.apple.com/v/ipad-air/x/images/specs/size_weight_11_inch__ey0d28dw23cm_small_2x.png]
[www.apple.com/v/ipad-air/x/images/specs/size_weight_13_inch__e0clp3jp2d8i_large.png]
[www.apple.com/v/ipad-air/x/images/specs/size_weight_13_inch__e0clp3jp2d8i_large_2x.png]
[www.apple.com/v/ipad-air/x/images/specs/size_weight_13_inch__e0clp3jp2d8i_medium.png]
[www.apple.com/v/ipad-air/x/images/specs/size_weight_13_inch__e0clp3jp2d8i_medium_2x.png]
[www.apple.com/v/ipad-air/x/images/specs/size_weight_13_inch__e0clp3jp2d8i_small.png]
[www.apple.com/v/ipad-air/x/images/specs/size_weight_13_inch__e0clp3jp2d8i_small_2x.png]
[www.apple.com/v/ipad-air/x/images/specs/buttons_connections__e6bk2ymt2as2_large.png]
[www.apple.com/v/ipad-air/x/images/specs/buttons_connections__e6bk2ymt2as2_large_2x.png]
[www.apple.com/v/ipad-air/x/images/specs/buttons_connections__e6bk2ymt2as2_medium.png]
[www.apple.com/v/ipad-air/x/images/specs/buttons_connections__e6bk2ymt2as2_medium_2x.png]
[www.apple.com/v/ipad-air/x/images/specs/buttons_connections_1__ek37hcq388eq_small.png]
[www.apple.com/v/ipad-air/x/images/specs/buttons_connections_1__ek37hcq388eq_small_2x.png]
[www.apple.com/v/ipad-air/x/images/specs/buttons_connections_2__dsl15he0tf2a_small.png]
[www.apple.com/v/ipad-air/x/images/specs/buttons_connections_2__dsl15he0tf2a_small_2x.png]
[www.apple.com/v/ipad-air/x/images/specs/display_11_inch__cmasgdbg9tiu_large.jpg]
[www.apple.com/v/ipad-air/x/images/specs/display_11_inch__cmasgdbg9tiu_large_2x.jpg]
[www.apple.com/v/ipad-air/x/images/specs/display_11_inch__cmasgdbg9tiu_medium.jpg]
[www.apple.com/v/ipad-air/x/images/specs/display_11_inch__cmasgdbg9tiu_medium_2x.jpg]
[www.apple.com/v/ipad-air/x/images/specs/display_11_inch__cmasgdbg9tiu_small.jpg]
[www.apple.com/v/ipad-air/x/images/specs/display_11_inch__cmasgdbg9tiu_small_2x.jpg]
[www.apple.com/v/ipad-air/x/images/specs/display_13_inch__bsk2qj13ek02_large.jpg]
[www.apple.com/v/ipad-air/x/images/specs/display_13_inch__bsk2qj13ek02_large_2x.jpg]
[www.apple.com/v/ipad-air/x/images/specs/display_13_inch__bsk2qj13ek02_medium.jpg]
[www.apple.com/v/ipad-air/x/images/specs/display_13_inch__bsk2qj13ek02_medium_2x.jpg]
[www.apple.com/v/ipad-air/x/images/specs/display_13_inch__bsk2qj13ek02_small.jpg]
[www.apple.com/v/ipad-air/x/images/specs/display_13_inch__bsk2qj13ek02_small_2x.jpg]
[www.apple.com/v/ipad-air/x/images/specs/chip_m2__fbnlg152daqa_large.png]
[www.apple.com/v/ipad-air/x/images/specs/chip_m2__fbnlg152daqa_large_2x.png]
[www.apple.com/v/ipad-air/x/images/specs/chip_m2__fbnlg152daqa_medium.png]
[www.apple.com/v/ipad-air/x/images/specs/chip_m2__fbnlg152daqa_medium_2x.png]
[www.apple.com/v/ipad-air/x/images/specs/apple_intelligence__drsi25ocm6c2_large.png]
[www.apple.com/v/ipad-air/x/images/specs/apple_intelligence__drsi25ocm6c2_large_2x.png]
[www.apple.com/v/ipad-air/x/images/specs/apple_intelligence__drsi25ocm6c2_small.png]
[www.apple.com/v/ipad-air/x/images/specs/apple_intelligence__drsi25ocm6c2_small_2x.png]
[www.apple.com/v/ipad-air/x/images/specs/icon_ipados17__k19yt09lbuaq_large.png]
[www.apple.com/v/ipad-air/x/images/specs/icon_ipados17__k19yt09lbuaq_large_2x.png]
[www.apple.com/v/ipad-air/x/images/specs/icon_ipados17__k19yt09lbuaq_medium.png]
[www.apple.com/v/ipad-air/x/images/specs/icon_ipados17__k19yt09lbuaq_medium_2x.png]
[www.apple.com/v/ipad-air/x/images/specs/icon_ipados__ec39jftyhjgy_large.png]
[www.apple.com/v/ipad-air/x/images/specs/icon_ipados__ec39jftyhjgy_large_2x.png]
[www.apple.com/v/ipad-air/x/images/specs/icon_ipados__ec39jftyhjgy_medium.png]
[www.apple.com/v/ipad-air/x/images/specs/icon_ipados__ec39jftyhjgy_medium_2x.png]
[www.apple.com/v/ipad-air/x/images/specs/icon_app_store__1p0setkhvbme_large.png]
[www.apple.com/v/ipad-air/x/images/specs/icon_app_store__1p0setkhvbme_large_2x.png]
[www.apple.com/v/ipad-air/x/images/specs/icon_apple_store__efck0i0iikuq_large.png]
[www.apple.com/v/ipad-air/x/images/specs/icon_apple_store__efck0i0iikuq_large_2x.png]
[www.apple.com/v/ipad-air/x/images/specs/icon_books__wpkn90uegk2e_large.png]
[www.apple.com/v/ipad-air/x/images/specs/icon_books__wpkn90uegk2e_large_2x.png]
[www.apple.com/v/ipad-air/x/images/specs/icon_calculator__bhxiiigrqlhu_large.png]
[www.apple.com/v/ipad-air/x/images/specs/icon_calculator__bhxiiigrqlhu_large_2x.png]
[www.apple.com/v/ipad-air/x/images/specs/icon_calendar__fj812fzrcdqq_large.png]
[www.apple.com/v/ipad-air/x/images/specs/icon_calendar__fj812fzrcdqq_large_2x.png]
[www.apple.com/v/ipad-air/x/images/specs/icon_camera__c07sdrv6py82_large.png]
[www.apple.com/v/ipad-air/x/images/specs/icon_camera__c07sdrv6py82_large_2x.png]
[www.apple.com/v/ipad-air/x/images/specs/icon_clips__euqlosoip7cm_large.png]
[www.apple.com/v/ipad-air/x/images/specs/icon_clips__euqlosoip7cm_large_2x.png]
[www.apple.com/v/ipad-air/x/images/specs/icon_clock__bi0b741xm7rm_large.png]
[www.apple.com/v/ipad-air/x/images/specs/icon_clock__bi0b741xm7rm_large_2x.png]
[www.apple.com/v/ipad-air/x/images/specs/icon_contacts__ca0tnoy8i96q_large.png]
[www.apple.com/v/ipad-air/x/images/specs/icon_contacts__ca0tnoy8i96q_large_2x.png]
[www.apple.com/v/ipad-air/x/images/specs/icon_environment__ccijwrx2z9py_large.png]
[www.apple.com/v/ipad-air/x/images/specs/icon_environment__ccijwrx2z9py_large_2x.png]
[www.apple.com/v/ipad-air/x/images/specs/icon_facetime__fgjefbxclhqq_large.png]
[www.apple.com/v/ipad-air/x/images/specs/icon_facetime__fgjefbxclhqq_large_2x.png]
[www.apple.com/v/ipad-air/x/images/specs/icon_files__efdb62scd4q6_large.png]
[www.apple.com/v/ipad-air/x/images/specs/icon_files__efdb62scd4q6_large_2x.png]
[www.apple.com/v/ipad-air/x/images/specs/icon_find_my__cq5rs8a3f2y6_large.png]
[www.apple.com/v/ipad-air/x/images/specs/icon_find_my__cq5rs8a3f2y6_large_2x.png]
[www.apple.com/v/ipad-air/x/images/specs/icon_freeform__dq129rfwrzee_large.png]
[www.apple.com/v/ipad-air/x/images/specs/icon_freeform__dq129rfwrzee_large_2x.png]
[www.apple.com/v/ipad-air/x/images/specs/icon_garageband__bf73wrx0xwya_large.jpg]
[www.apple.com/v/ipad-air/x/images/specs/icon_garageband__bf73wrx0xwya_large_2x.jpg]
[www.apple.com/v/ipad-air/x/images/specs/icon_health__lxo63886jkia_large.png]
[www.apple.com/v/ipad-air/x/images/specs/icon_health__lxo63886jkia_large_2x.png]
[www.apple.com/v/ipad-air/x/images/specs/icon_homekit__buy63aly3z5y_large.png]
[www.apple.com/v/ipad-air/x/images/specs/icon_homekit__buy63aly3z5y_large_2x.png]
[www.apple.com/v/ipad-air/x/images/specs/icon_icloud_drive__pyhcvxks7aqu_large.jpg]
[www.apple.com/v/ipad-air/x/images/specs/icon_icloud_drive__pyhcvxks7aqu_large_2x.jpg]
[www.apple.com/v/ipad-air/x/images/specs/icon_imovie__c9tx11v2hsgi_large.png]
[www.apple.com/v/ipad-air/x/images/specs/icon_imovie__c9tx11v2hsgi_large_2x.png]
[www.apple.com/v/ipad-air/x/images/specs/icon_itunes_store__bg7y1xulzgvm_large.png]
[www.apple.com/v/ipad-air/x/images/specs/icon_itunes_store__bg7y1xulzgvm_large_2x.png]
[www.apple.com/v/ipad-air/x/images/specs/icon_itunes_swift__el6srdasd1g2_large.jpg]
[www.apple.com/v/ipad-air/x/images/specs/icon_itunes_swift__el6srdasd1g2_large_2x.jpg]
[www.apple.com/v/ipad-air/x/images/specs/icon_keynote__9x0lmo4ueoym_large.png]
[www.apple.com/v/ipad-air/x/images/specs/icon_keynote__9x0lmo4ueoym_large_2x.png]
[www.apple.com/v/ipad-air/x/images/specs/icon_magnifier__ghu8pzupwxui_large.png]
[www.apple.com/v/ipad-air/x/images/specs/icon_magnifier__ghu8pzupwxui_large_2x.png]
[www.apple.com/v/ipad-air/x/images/specs/icon_mail__ea5bjjnmmqie_large.png]
[www.apple.com/v/ipad-air/x/images/specs/icon_mail__ea5bjjnmmqie_large_2x.png]
[www.apple.com/v/ipad-air/x/images/specs/icon_maps__cq792hpra4gi_large.png]
[www.apple.com/v/ipad-air/x/images/specs/icon_maps__cq792hpra4gi_large_2x.png]
[www.apple.com/v/ipad-air/x/images/specs/icon_measure__hh8hbl1dfvau_large.png]
[www.apple.com/v/ipad-air/x/images/specs/icon_measure__hh8hbl1dfvau_large_2x.png]
[www.apple.com/v/ipad-air/x/images/specs/icon_messages__e63s3lu233ee_large.png]
[www.apple.com/v/ipad-air/x/images/specs/icon_messages__e63s3lu233ee_large_2x.png]
[www.apple.com/v/ipad-air/x/images/specs/icon_music__bdxytsqqrulu_large.png]
[www.apple.com/v/ipad-air/x/images/specs/icon_music__bdxytsqqrulu_large_2x.png]
[www.apple.com/v/ipad-air/x/images/specs/icon_music-memos__y5rkhigqxua6_large.jpg]
[www.apple.com/v/ipad-air/x/images/specs/icon_music-memos__y5rkhigqxua6_large_2x.jpg]
[www.apple.com/v/ipad-air/x/images/specs/icon_news__eyr0suclao4m_large.png]
[www.apple.com/v/ipad-air/x/images/specs/icon_news__eyr0suclao4m_large_2x.png]
[www.apple.com/v/ipad-air/x/images/specs/icon_notes__en9d7h5jcxea_large.png]
[www.apple.com/v/ipad-air/x/images/specs/icon_notes__en9d7h5jcxea_large_2x.png]
[www.apple.com/v/ipad-air/x/images/specs/icon_numbers__c9tmqczdgxoy_large.png]
[www.apple.com/v/ipad-air/x/images/specs/icon_numbers__c9tmqczdgxoy_large_2x.png]
[www.apple.com/v/ipad-air/x/images/specs/icon_pages__c7okqbklng4m_large.png]
[www.apple.com/v/ipad-air/x/images/specs/icon_pages__c7okqbklng4m_large_2x.png]
[www.apple.com/v/ipad-air/x/images/specs/icon_passwords__eprcfkbh29km_large.png]
[www.apple.com/v/ipad-air/x/images/specs/icon_passwords__eprcfkbh29km_large_2x.png]
[www.apple.com/v/ipad-air/x/images/specs/icon_photo_booth__gmju1y3rh32a_large.png]
[www.apple.com/v/ipad-air/x/images/specs/icon_photo_booth__gmju1y3rh32a_large_2x.png]
[www.apple.com/v/ipad-air/x/images/specs/icon_photos__fz6srunuvkqe_large.png]
[www.apple.com/v/ipad-air/x/images/specs/icon_photos__fz6srunuvkqe_large_2x.png]
[www.apple.com/v/ipad-air/x/images/specs/icon_podcasts__dyg7qp659ms2_large.png]
[www.apple.com/v/ipad-air/x/images/specs/icon_podcasts__dyg7qp659ms2_large_2x.png]
[www.apple.com/v/ipad-air/x/images/specs/icon_reminders__d2bw3qb6s8k2_large.png]
[www.apple.com/v/ipad-air/x/images/specs/icon_reminders__d2bw3qb6s8k2_large_2x.png]
[www.apple.com/v/ipad-air/x/images/specs/icon_remote__6lh66j651f6q_large.jpg]
[www.apple.com/v/ipad-air/x/images/specs/icon_remote__6lh66j651f6q_large_2x.jpg]
[www.apple.com/v/ipad-air/x/images/specs/icon_safari__f2msqc94g9ua_large.png]
[www.apple.com/v/ipad-air/x/images/specs/icon_safari__f2msqc94g9ua_large_2x.png]
[www.apple.com/v/ipad-air/x/images/specs/icon_settings__fuzt0dkpb42u_large.png]
[www.apple.com/v/ipad-air/x/images/specs/icon_settings__fuzt0dkpb42u_large_2x.png]
[www.apple.com/v/ipad-air/x/images/specs/icon_shortcuts__edayom2ftkeq_large.png]
[www.apple.com/v/ipad-air/x/images/specs/icon_shortcuts__edayom2ftkeq_large_2x.png]
[www.apple.com/v/ipad-air/x/images/specs/icon_stocks__ep3ei0dolh2e_large.png]
[www.apple.com/v/ipad-air/x/images/specs/icon_stocks__ep3ei0dolh2e_large_2x.png]
[www.apple.com/v/ipad-air/x/images/specs/icon_support__epu45mx9m6oi_large.jpg]
[www.apple.com/v/ipad-air/x/images/specs/icon_support__epu45mx9m6oi_large_2x.jpg]
[www.apple.com/v/ipad-air/x/images/specs/icon_swift__bjvt9xwv9k2u_large.png]
[www.apple.com/v/ipad-air/x/images/specs/icon_swift__bjvt9xwv9k2u_large_2x.png]
[www.apple.com/v/ipad-air/x/images/specs/icon_tips__f3h398yecx6q_large.png]
[www.apple.com/v/ipad-air/x/images/specs/icon_tips__f3h398yecx6q_large_2x.png]
[www.apple.com/v/ipad-air/x/images/specs/icon_trailers__fukum5zc1viy_large.jpg]
[www.apple.com/v/ipad-air/x/images/specs/icon_trailers__fukum5zc1viy_large_2x.jpg]
[www.apple.com/v/ipad-air/x/images/specs/icon_translate__gkk3xlgjjq6i_large.png]
[www.apple.com/v/ipad-air/x/images/specs/icon_translate__gkk3xlgjjq6i_large_2x.png]
[www.apple.com/v/ipad-air/x/images/specs/icon_tv__dmzwq6ddmzsm_large.png]
[www.apple.com/v/ipad-air/x/images/specs/icon_tv__dmzwq6ddmzsm_large_2x.png]
[www.apple.com/v/ipad-air/x/images/specs/icon_voicememo__lr47xrwb6cyu_large.png]
[www.apple.com/v/ipad-air/x/images/specs/icon_voicememo__lr47xrwb6cyu_large_2x.png]
[www.apple.com/v/ipad-air/x/images/specs/icon_weather__fhb60rqlatua_large.png]
[www.apple.com/v/ipad-air/x/images/specs/icon_weather__fhb60rqlatua_large_2x.png]
[www.apple.com/v/ipad-air/x/built/styles/specs.built.css]
[www.apple.com/nl/ipad-air/styles/specs.css]
[www.apple.com/v/ipad-air/x/built/scripts/head.built.js]
[www.apple.com/v/ipad-air/x/built/scripts/main.built.js]
[www.apple.com/v/ipad-air/u/built/styles/why-ipad.built.css]
[www.apple.com/v/ipad/shared/why-ipad/o/images/why-ipad/creativity/animate__gb7jcjzbj6ai_large.png]
[www.apple.com/v/ipad/shared/why-ipad/o/images/why-ipad/creativity/animate__gb7jcjzbj6ai_large_2x.png]
[www.apple.com/v/ipad/shared/why-ipad/o/images/why-ipad/creativity/animate__gb7jcjzbj6ai_medium.png]
[www.apple.com/v/ipad/shared/why-ipad/o/images/why-ipad/creativity/animate__gb7jcjzbj6ai_medium_2x.png]
[www.apple.com/v/ipad/shared/why-ipad/o/images/why-ipad/creativity/animate__gb7jcjzbj6ai_small.png]
[www.apple.com/v/ipad/shared/why-ipad/o/images/why-ipad/creativity/animate__gb7jcjzbj6ai_small_2x.png]
[www.apple.com/v/ipad/shared/why-ipad/o/images/why-ipad/creativity/animate_screen__eq91afdtn866_large.jpg]
[www.apple.com/v/ipad/shared/why-ipad/o/images/why-ipad/creativity/animate_screen__eq91afdtn866_large_2x.jpg]
[www.apple.com/v/ipad/shared/why-ipad/o/images/why-ipad/creativity/animate_screen__eq91afdtn866_medium.jpg]
[www.apple.com/v/ipad/shared/why-ipad/o/images/why-ipad/creativity/animate_screen__eq91afdtn866_medium_2x.jpg]
[www.apple.com/v/ipad/shared/why-ipad/o/images/why-ipad/creativity/animate_screen__eq91afdtn866_small.jpg]
[www.apple.com/v/ipad/shared/why-ipad/o/images/why-ipad/creativity/animate_screen__eq91afdtn866_small_2x.jpg]
[www.apple.com/v/ipad/shared/why-ipad/o/images/why-ipad/entertainment/speaker_soundwave__e2v72siccree_large.png]
[www.apple.com/v/ipad/shared/why-ipad/o/images/why-ipad/entertainment/speaker_soundwave__e2v72siccree_large_2x.png]
[www.apple.com/v/ipad/shared/why-ipad/o/images/why-ipad/entertainment/speaker_soundwave__e2v72siccree_medium.png]
[www.apple.com/v/ipad/shared/why-ipad/o/images/why-ipad/entertainment/speaker_soundwave__e2v72siccree_medium_2x.png]
[www.apple.com/v/ipad/shared/why-ipad/o/images/why-ipad/entertainment/speaker_soundwave__e2v72siccree_small.png]
[www.apple.com/v/ipad/shared/why-ipad/o/images/why-ipad/entertainment/speaker_soundwave__e2v72siccree_small_2x.png]
[www.apple.com/v/ipad/shared/why-ipad/o/images/why-ipad/router/ipados_17__o2lga5306h66_large.jpg]
[www.apple.com/v/ipad/shared/why-ipad/o/images/why-ipad/router/ipados_17__o2lga5306h66_large_2x.jpg]
[www.apple.com/v/ipad/shared/why-ipad/o/images/why-ipad/router/ipados_17__o2lga5306h66_medium.jpg]
[www.apple.com/v/ipad/shared/why-ipad/o/images/why-ipad/router/ipados_17__o2lga5306h66_medium_2x.jpg]
[www.apple.com/v/ipad/shared/why-ipad/o/images/why-ipad/router/ipados_17__o2lga5306h66_small.jpg]
[www.apple.com/v/ipad/shared/why-ipad/o/images/why-ipad/router/ipados_17__o2lga5306h66_small_2x.jpg]
[www.apple.com/v/ipad/shared/why-ipad/o/built/styles/overview.built.css]
[www.apple.com/nl/ipad/shared/why-ipad/styles/overview.css]
[www.apple.com/v/ipad/shared/why-ipad/o/built/scripts/head.built.js]
[www.apple.com/v/ipad/shared/why-ipad/o/built/scripts/main.built.js]
[www.apple.com/nl/ipad-air/arrayLikeToArray.html]
[www.apple.com/nl/ipad-air/setPrototypeOf.html]
[www.apple.com/nl/ipad-air/isNativeReflectConstruct.html]
[www.apple.com/nl/ipad-air/toPropertyKey.html]
[www.apple.com/nl/ipad-air/superPropBase.html]
[www.apple.com/nl/ipad-air/typeof.html]
[www.apple.com/nl/ipad-air/assertThisInitialized.html]
[www.apple.com/nl/ipad-air/arrayWithHoles.html]
[www.apple.com/nl/ipad-air/iterableToArrayLimit.html]
[www.apple.com/nl/ipad-air/unsupportedIterableToArray.html]
[www.apple.com/nl/ipad-air/nonIterableRest.html]
[www.apple.com/nl/ipad-air/getPrototypeOf.html]
[www.apple.com/nl/ipad-air/arrayWithoutHoles.html]
[www.apple.com/nl/ipad-air/iterableToArray.html]
[www.apple.com/nl/ipad-air/nonIterableSpread.html]
[www.apple.com/nl/ipad-air/toPrimitive.html]
[www.apple.com/nl/ipad-air/keyCodeMap.html]
[www.apple.com/nl/assets/CloseSvg.html]
[www.apple.com/nl/ipad-air/$1/index.html]
[www.apple.com/.versionfile.html]
[www.apple.com/nl/.release-info.html]
[www.apple.com/ac/ac-films/7.0.0/scripts/THREE.CanvasRenderer has been moved to/examples/js/renderers/CanvasRenderer.js]
[www.apple.com/ac/ac-films/7.0.0/scripts/THREE.SceneUtils has been moved to/examples/js/utils/SceneUtils.js]
[www.apple.com/ac/ac-films/7.0.0/scripts/THREE.LensFlare has been moved to/examples/js/objects/Lensflare.js]
[www.apple.com/ac/libs/three/92/three.min.js]
[www.apple.com/nl/ipad-air/templates/slider.html]
[www.apple.com/nl/ipad-air/templates/default-controls.html]
[www.apple.com/nl/ipad-air/templates/progress-slider.html]
[www.apple.com/nl/ipad-air/templates/volume-slider.html]
[www.apple.com/nl/ipad-air/_thumbnails.html]
[www.apple.com/ac/libs/hls.js/2.820.0/hls.js]
[www.apple.com/ac/ac-films/7.0.0/scripts/THREE.CanvasRenderer has been moved to/examples/js/renderers/CanvasRenderer.html]
[www.apple.com/ac/ac-films/7.0.0/scripts/THREE.SceneUtils has been moved to/examples/js/utils/SceneUtils.html]
[www.apple.com/ac/ac-films/7.0.0/scripts/THREE.LensFlare has been moved to/examples/js/objects/Lensflare.html]
